Archive member included to satisfy reference by file (symbol)

/Applications/STM32CubeIDE.app/Contents/Eclipse/plugins/com.st.stm32cube.ide.mcu.externaltools.gnu-tools-for-stm32.9-2020-q2-update.macos64_2.0.0.202105311346/tools/bin/../lib/gcc/arm-none-eabi/9.3.1/../../../../arm-none-eabi/lib/thumb/v7e-m+fp/hard/librdimon_nano.a(rdimon-syscalls.o)
                              /Applications/STM32CubeIDE.app/Contents/Eclipse/plugins/com.st.stm32cube.ide.mcu.externaltools.gnu-tools-for-stm32.9-2020-q2-update.macos64_2.0.0.202105311346/tools/bin/../lib/gcc/arm-none-eabi/9.3.1/../../../../arm-none-eabi/lib/thumb/v7e-m+fp/hard/rdimon-crt0.o (initialise_monitor_handles)
/Applications/STM32CubeIDE.app/Contents/Eclipse/plugins/com.st.stm32cube.ide.mcu.externaltools.gnu-tools-for-stm32.9-2020-q2-update.macos64_2.0.0.202105311346/tools/bin/../lib/gcc/arm-none-eabi/9.3.1/../../../../arm-none-eabi/lib/thumb/v7e-m+fp/hard/libc_nano.a(lib_a-errno.o)
                              ./Core/Src/sysmem.o (__errno)
/Applications/STM32CubeIDE.app/Contents/Eclipse/plugins/com.st.stm32cube.ide.mcu.externaltools.gnu-tools-for-stm32.9-2020-q2-update.macos64_2.0.0.202105311346/tools/bin/../lib/gcc/arm-none-eabi/9.3.1/../../../../arm-none-eabi/lib/thumb/v7e-m+fp/hard/libc_nano.a(lib_a-exit.o)
                              /Applications/STM32CubeIDE.app/Contents/Eclipse/plugins/com.st.stm32cube.ide.mcu.externaltools.gnu-tools-for-stm32.9-2020-q2-update.macos64_2.0.0.202105311346/tools/bin/../lib/gcc/arm-none-eabi/9.3.1/../../../../arm-none-eabi/lib/thumb/v7e-m+fp/hard/rdimon-crt0.o (exit)
/Applications/STM32CubeIDE.app/Contents/Eclipse/plugins/com.st.stm32cube.ide.mcu.externaltools.gnu-tools-for-stm32.9-2020-q2-update.macos64_2.0.0.202105311346/tools/bin/../lib/gcc/arm-none-eabi/9.3.1/../../../../arm-none-eabi/lib/thumb/v7e-m+fp/hard/libc_nano.a(lib_a-findfp.o)
                              /Applications/STM32CubeIDE.app/Contents/Eclipse/plugins/com.st.stm32cube.ide.mcu.externaltools.gnu-tools-for-stm32.9-2020-q2-update.macos64_2.0.0.202105311346/tools/bin/../lib/gcc/arm-none-eabi/9.3.1/../../../../arm-none-eabi/lib/thumb/v7e-m+fp/hard/librdimon_nano.a(rdimon-syscalls.o) (__sinit)
/Applications/STM32CubeIDE.app/Contents/Eclipse/plugins/com.st.stm32cube.ide.mcu.externaltools.gnu-tools-for-stm32.9-2020-q2-update.macos64_2.0.0.202105311346/tools/bin/../lib/gcc/arm-none-eabi/9.3.1/../../../../arm-none-eabi/lib/thumb/v7e-m+fp/hard/libc_nano.a(lib_a-fwalk.o)
                              /Applications/STM32CubeIDE.app/Contents/Eclipse/plugins/com.st.stm32cube.ide.mcu.externaltools.gnu-tools-for-stm32.9-2020-q2-update.macos64_2.0.0.202105311346/tools/bin/../lib/gcc/arm-none-eabi/9.3.1/../../../../arm-none-eabi/lib/thumb/v7e-m+fp/hard/libc_nano.a(lib_a-findfp.o) (_fwalk)
/Applications/STM32CubeIDE.app/Contents/Eclipse/plugins/com.st.stm32cube.ide.mcu.externaltools.gnu-tools-for-stm32.9-2020-q2-update.macos64_2.0.0.202105311346/tools/bin/../lib/gcc/arm-none-eabi/9.3.1/../../../../arm-none-eabi/lib/thumb/v7e-m+fp/hard/libc_nano.a(lib_a-impure.o)
                              /Applications/STM32CubeIDE.app/Contents/Eclipse/plugins/com.st.stm32cube.ide.mcu.externaltools.gnu-tools-for-stm32.9-2020-q2-update.macos64_2.0.0.202105311346/tools/bin/../lib/gcc/arm-none-eabi/9.3.1/../../../../arm-none-eabi/lib/thumb/v7e-m+fp/hard/libc_nano.a(lib_a-exit.o) (_global_impure_ptr)
/Applications/STM32CubeIDE.app/Contents/Eclipse/plugins/com.st.stm32cube.ide.mcu.externaltools.gnu-tools-for-stm32.9-2020-q2-update.macos64_2.0.0.202105311346/tools/bin/../lib/gcc/arm-none-eabi/9.3.1/../../../../arm-none-eabi/lib/thumb/v7e-m+fp/hard/libc_nano.a(lib_a-init.o)
                              /Applications/STM32CubeIDE.app/Contents/Eclipse/plugins/com.st.stm32cube.ide.mcu.externaltools.gnu-tools-for-stm32.9-2020-q2-update.macos64_2.0.0.202105311346/tools/bin/../lib/gcc/arm-none-eabi/9.3.1/../../../../arm-none-eabi/lib/thumb/v7e-m+fp/hard/rdimon-crt0.o (__libc_init_array)
/Applications/STM32CubeIDE.app/Contents/Eclipse/plugins/com.st.stm32cube.ide.mcu.externaltools.gnu-tools-for-stm32.9-2020-q2-update.macos64_2.0.0.202105311346/tools/bin/../lib/gcc/arm-none-eabi/9.3.1/../../../../arm-none-eabi/lib/thumb/v7e-m+fp/hard/libc_nano.a(lib_a-lock.o)
                              /Applications/STM32CubeIDE.app/Contents/Eclipse/plugins/com.st.stm32cube.ide.mcu.externaltools.gnu-tools-for-stm32.9-2020-q2-update.macos64_2.0.0.202105311346/tools/bin/../lib/gcc/arm-none-eabi/9.3.1/../../../../arm-none-eabi/lib/thumb/v7e-m+fp/hard/libc_nano.a(lib_a-findfp.o) (__retarget_lock_init_recursive)
/Applications/STM32CubeIDE.app/Contents/Eclipse/plugins/com.st.stm32cube.ide.mcu.externaltools.gnu-tools-for-stm32.9-2020-q2-update.macos64_2.0.0.202105311346/tools/bin/../lib/gcc/arm-none-eabi/9.3.1/../../../../arm-none-eabi/lib/thumb/v7e-m+fp/hard/libc_nano.a(lib_a-memcmp.o)
                              ./Core/Src/es_wifi.o (memcmp)
[...]
Memory Configuration

Name             Origin             Length             Attributes
RAM              0x0000000020000000 0x0000000000018000 xrw
RAM2             0x0000000010000000 0x0000000000008000 xrw
FLASH            0x0000000008000000 0x0000000000100000 xr
*default*        0x0000000000000000 0xffffffffffffffff

Linker script and memory map

LOAD /Applications/STM32CubeIDE.app/Contents/Eclipse/plugins/com.st.stm32cube.ide.mcu.externaltools.gnu-tools-for-stm32.9-2020-q2-update.macos64_2.0.0.202105311346/tools/bin/../lib/gcc/arm-none-eabi/9.3.1/thumb/v7e-m+fp/hard/crti.o
LOAD /Applications/STM32CubeIDE.app/Contents/Eclipse/plugins/com.st.stm32cube.ide.mcu.externaltools.gnu-tools-for-stm32.9-2020-q2-update.macos64_2.0.0.202105311346/tools/bin/../lib/gcc/arm-none-eabi/9.3.1/thumb/v7e-m+fp/hard/crtbegin.o
LOAD /Applications/STM32CubeIDE.app/Contents/Eclipse/plugins/com.st.stm32cube.ide.mcu.externaltools.gnu-tools-for-stm32.9-2020-q2-update.macos64_2.0.0.202105311346/tools/bin/../lib/gcc/arm-none-eabi/9.3.1/../../../../arm-none-eabi/lib/thumb/v7e-m+fp/hard/rdimon-crt0.o
LOAD ./Core/Src/es_wifi.o
LOAD ./Core/Src/es_wifi_io.o
LOAD ./Core/Src/main.o
LOAD ./Core/Src/stm32l4xx_hal_msp.o
LOAD ./Core/Src/stm32l4xx_it.o
LOAD ./Core/Src/sysmem.o
LOAD ./Core/Src/system_stm32l4xx.o
LOAD ./Core/Src/wifi.o
LOAD ./Core/Startup/startup_stm32l475vgtx.o
LOAD ./Drivers/BSP/B-L475E-IOT01/stm32l475e_iot01.o
LOAD ./Drivers/BSP/B-L475E-IOT01/stm32l475e_iot01_accelero.o
LOAD ./Drivers/BSP/B-L475E-IOT01/stm32l475e_iot01_gyro.o
LOAD ./Drivers/BSP/B-L475E-IOT01/stm32l475e_iot01_hsensor.o
LOAD ./Drivers/BSP/B-L475E-IOT01/stm32l475e_iot01_magneto.o
LOAD ./Drivers/BSP/B-L475E-IOT01/stm32l475e_iot01_psensor.o
LOAD ./Drivers/BSP/B-L475E-IOT01/stm32l475e_iot01_tsensor.o
LOAD ./Drivers/BSP/Components/M24SR/m24sr_v1.1.o
LOAD ./Drivers/BSP/Components/hts221/hts221.o
LOAD ./Drivers/BSP/Components/lis3mdl/lis3mdl.o
LOAD ./Drivers/BSP/Components/lps22hb/lps22hb.o
LOAD ./Drivers/BSP/Components/lsm6dsl/lsm6dsl.o
LOAD ./Drivers/STM32L4xx_HAL_Driver/Src/stm32l4xx_hal.o
LOAD ./Drivers/STM32L4xx_HAL_Driver/Src/stm32l4xx_hal_cortex.o
LOAD ./Drivers/STM32L4xx_HAL_Driver/Src/stm32l4xx_hal_dfsdm.o
LOAD ./Drivers/STM32L4xx_HAL_Driver/Src/stm32l4xx_hal_dma.o
LOAD ./Drivers/STM32L4xx_HAL_Driver/Src/stm32l4xx_hal_dma_ex.o
LOAD ./Drivers/STM32L4xx_HAL_Driver/Src/stm32l4xx_hal_exti.o
LOAD ./Drivers/STM32L4xx_HAL_Driver/Src/stm32l4xx_hal_flash.o
LOAD ./Drivers/STM32L4xx_HAL_Driver/Src/stm32l4xx_hal_flash_ex.o
LOAD ./Drivers/STM32L4xx_HAL_Driver/Src/stm32l4xx_hal_flash_ramfunc.o
LOAD ./Drivers/STM32L4xx_HAL_Driver/Src/stm32l4xx_hal_gpio.o
LOAD ./Drivers/STM32L4xx_HAL_Driver/Src/stm32l4xx_hal_i2c.o
LOAD ./Drivers/STM32L4xx_HAL_Driver/Src/stm32l4xx_hal_i2c_ex.o
LOAD ./Drivers/STM32L4xx_HAL_Driver/Src/stm32l4xx_hal_pcd.o
LOAD ./Drivers/STM32L4xx_HAL_Driver/Src/stm32l4xx_hal_pcd_ex.o
LOAD ./Drivers/STM32L4xx_HAL_Driver/Src/stm32l4xx_hal_pwr.o
LOAD ./Drivers/STM32L4xx_HAL_Driver/Src/stm32l4xx_hal_pwr_ex.o
LOAD ./Drivers/STM32L4xx_HAL_Driver/Src/stm32l4xx_hal_qspi.o
LOAD ./Drivers/STM32L4xx_HAL_Driver/Src/stm32l4xx_hal_rcc.o
LOAD ./Drivers/STM32L4xx_HAL_Driver/Src/stm32l4xx_hal_rcc_ex.o
LOAD ./Drivers/STM32L4xx_HAL_Driver/Src/stm32l4xx_hal_spi.o
LOAD ./Drivers/STM32L4xx_HAL_Driver/Src/stm32l4xx_hal_spi_ex.o
LOAD ./Drivers/STM32L4xx_HAL_Driver/Src/stm32l4xx_hal_tim.o
LOAD ./Drivers/STM32L4xx_HAL_Driver/Src/stm32l4xx_hal_tim_ex.o
LOAD ./Drivers/STM32L4xx_HAL_Driver/Src/stm32l4xx_hal_uart.o
LOAD ./Drivers/STM32L4xx_HAL_Driver/Src/stm32l4xx_hal_uart_ex.o
LOAD ./Drivers/STM32L4xx_HAL_Driver/Src/stm32l4xx_ll_usb.o
LOAD /Applications/STM32CubeIDE.app/Contents/Eclipse/plugins/com.st.stm32cube.ide.mcu.externaltools.gnu-tools-for-stm32.9-2020-q2-update.macos64_2.0.0.202105311346/tools/bin/../lib/gcc/arm-none-eabi/9.3.1/../../../../arm-none-eabi/lib/thumb/v7e-m+fp/hard/librdimon_nano.a
START GROUP
LOAD /Applications/STM32CubeIDE.app/Contents/Eclipse/plugins/com.st.stm32cube.ide.mcu.externaltools.gnu-tools-for-stm32.9-2020-q2-update.macos64_2.0.0.202105311346/tools/bin/../lib/gcc/arm-none-eabi/9.3.1/../../../../arm-none-eabi/lib/thumb/v7e-m+fp/hard/libc_nano.a
LOAD /Applications/STM32CubeIDE.app/Contents/Eclipse/plugins/com.st.stm32cube.ide.mcu.externaltools.gnu-tools-for-stm32.9-2020-q2-update.macos64_2.0.0.202105311346/tools/bin/../lib/gcc/arm-none-eabi/9.3.1/../../../../arm-none-eabi/lib/thumb/v7e-m+fp/hard/libm.a
END GROUP
START GROUP
LOAD /Applications/STM32CubeIDE.app/Contents/Eclipse/plugins/com.st.stm32cube.ide.mcu.externaltools.gnu-tools-for-stm32.9-2020-q2-update.macos64_2.0.0.202105311346/tools/bin/../lib/gcc/arm-none-eabi/9.3.1/thumb/v7e-m+fp/hard/libgcc.a
LOAD /Applications/STM32CubeIDE.app/Contents/Eclipse/plugins/com.st.stm32cube.ide.mcu.externaltools.gnu-tools-for-stm32.9-2020-q2-update.macos64_2.0.0.202105311346/tools/bin/../lib/gcc/arm-none-eabi/9.3.1/../../../../arm-none-eabi/lib/thumb/v7e-m+fp/hard/libc_nano.a
END GROUP
START GROUP
LOAD /Applications/STM32CubeIDE.app/Contents/Eclipse/plugins/com.st.stm32cube.ide.mcu.externaltools.gnu-tools-for-stm32.9-2020-q2-update.macos64_2.0.0.202105311346/tools/bin/../lib/gcc/arm-none-eabi/9.3.1/thumb/v7e-m+fp/hard/libgcc.a
LOAD /Applications/STM32CubeIDE.app/Contents/Eclipse/plugins/com.st.stm32cube.ide.mcu.externaltools.gnu-tools-for-stm32.9-2020-q2-update.macos64_2.0.0.202105311346/tools/bin/../lib/gcc/arm-none-eabi/9.3.1/../../../../arm-none-eabi/lib/thumb/v7e-m+fp/hard/libc_nano.a
LOAD /Applications/STM32CubeIDE.app/Contents/Eclipse/plugins/com.st.stm32cube.ide.mcu.externaltools.gnu-tools-for-stm32.9-2020-q2-update.macos64_2.0.0.202105311346/tools/bin/../lib/gcc/arm-none-eabi/9.3.1/../../../../arm-none-eabi/lib/thumb/v7e-m+fp/hard/libnosys.a
END GROUP
START GROUP
LOAD /Applications/STM32CubeIDE.app/Contents/Eclipse/plugins/com.st.stm32cube.ide.mcu.externaltools.gnu-tools-for-stm32.9-2020-q2-update.macos64_2.0.0.202105311346/tools/bin/../lib/gcc/arm-none-eabi/9.3.1/thumb/v7e-m+fp/hard/libgcc.a
LOAD /Applications/STM32CubeIDE.app/Contents/Eclipse/plugins/com.st.stm32cube.ide.mcu.externaltools.gnu-tools-for-stm32.9-2020-q2-update.macos64_2.0.0.202105311346/tools/bin/../lib/gcc/arm-none-eabi/9.3.1/../../../../arm-none-eabi/lib/thumb/v7e-m+fp/hard/libc_nano.a
LOAD /Applications/STM32CubeIDE.app/Contents/Eclipse/plugins/com.st.stm32cube.ide.mcu.externaltools.gnu-tools-for-stm32.9-2020-q2-update.macos64_2.0.0.202105311346/tools/bin/../lib/gcc/arm-none-eabi/9.3.1/../../../../arm-none-eabi/lib/thumb/v7e-m+fp/hard/librdimon_nano.a
END GROUP
START GROUP
LOAD /Applications/STM32CubeIDE.app/Contents/Eclipse/plugins/com.st.stm32cube.ide.mcu.externaltools.gnu-tools-for-stm32.9-2020-q2-update.macos64_2.0.0.202105311346/tools/bin/../lib/gcc/arm-none-eabi/9.3.1/thumb/v7e-m+fp/hard/libgcc.a
LOAD /Applications/STM32CubeIDE.app/Contents/Eclipse/plugins/com.st.stm32cube.ide.mcu.externaltools.gnu-tools-for-stm32.9-2020-q2-update.macos64_2.0.0.202105311346/tools/bin/../lib/gcc/arm-none-eabi/9.3.1/../../../../arm-none-eabi/lib/thumb/v7e-m+fp/hard/libc_nano.a
LOAD /Applications/STM32CubeIDE.app/Contents/Eclipse/plugins/com.st.stm32cube.ide.mcu.externaltools.gnu-tools-for-stm32.9-2020-q2-update.macos64_2.0.0.202105311346/tools/bin/../lib/gcc/arm-none-eabi/9.3.1/../../../../arm-none-eabi/lib/thumb/v7e-m+fp/hard/librdimon_nano.a
LOAD /Applications/STM32CubeIDE.app/Contents/Eclipse/plugins/com.st.stm32cube.ide.mcu.externaltools.gnu-tools-for-stm32.9-2020-q2-update.macos64_2.0.0.202105311346/tools/bin/../lib/gcc/arm-none-eabi/9.3.1/../../../../arm-none-eabi/lib/thumb/v7e-m+fp/hard/libnosys.a
END GROUP
LOAD /Applications/STM32CubeIDE.app/Contents/Eclipse/plugins/com.st.stm32cube.ide.mcu.externaltools.gnu-tools-for-stm32.9-2020-q2-update.macos64_2.0.0.202105311346/tools/bin/../lib/gcc/arm-none-eabi/9.3.1/thumb/v7e-m+fp/hard/crtend.o
LOAD /Applications/STM32CubeIDE.app/Contents/Eclipse/plugins/com.st.stm32cube.ide.mcu.externaltools.gnu-tools-for-stm32.9-2020-q2-update.macos64_2.0.0.202105311346/tools/bin/../lib/gcc/arm-none-eabi/9.3.1/thumb/v7e-m+fp/hard/crtn.o
                0x0000000020018000                _estack = (ORIGIN (RAM) + LENGTH (RAM))
                0x0000000000000200                _Min_Heap_Size = 0x200
                0x0000000000000400                _Min_Stack_Size = 0x400

.isr_vector     0x0000000008000000      0x188
                0x0000000008000000                . = ALIGN (0x4)
 *(.isr_vector)
 .isr_vector    0x0000000008000000      0x188 ./Core/Startup/startup_stm32l475vgtx.o
                0x0000000008000000                g_pfnVectors
                0x0000000008000188                . = ALIGN (0x4)

.text           0x0000000008000190     0x5ad8
                0x0000000008000190                . = ALIGN (0x4)
 *(.text)
 .text          0x0000000008000190       0x40 /Applications/STM32CubeIDE.app/Contents/Eclipse/plugins/com.st.stm32cube.ide.mcu.externaltools.gnu-tools-for-stm32.9-2020-q2-update.macos64_2.0.0.202105311346/tools/bin/../lib/gcc/arm-none-eabi/9.3.1/thumb/v7e-m+fp/hard/crtbegin.o
 .text          0x00000000080001d0       0x10 /Applications/STM32CubeIDE.app/Contents/Eclipse/plugins/com.st.stm32cube.ide.mcu.externaltools.gnu-tools-for-stm32.9-2020-q2-update.macos64_2.0.0.202105311346/tools/bin/../lib/gcc/arm-none-eabi/9.3.1/../../../../arm-none-eabi/lib/thumb/v7e-m+fp/hard/libc_nano.a(lib_a-strlen.o)
                0x00000000080001d0                strlen
 .text          0x00000000080001e0       0xa0 /Applications/STM32CubeIDE.app/Contents/Eclipse/plugins/com.st.stm32cube.ide.mcu.externaltools.gnu-tools-for-stm32.9-2020-q2-update.macos64_2.0.0.202105311346/tools/bin/../lib/gcc/arm-none-eabi/9.3.1/../../../../arm-none-eabi/lib/thumb/v7e-m+fp/hard/libc_nano.a(lib_a-memchr.o)
                0x00000000080001e0                memchr
 .text          0x0000000008000280      0x378 /Applications/STM32CubeIDE.app/Contents/Eclipse/plugins/com.st.stm32cube.ide.mcu.externaltools.gnu-tools-for-stm32.9-2020-q2-update.macos64_2.0.0.202105311346/tools/bin/../lib/gcc/arm-none-eabi/9.3.1/thumb/v7e-m+fp/hard/libgcc.a(_arm_addsubdf3.o)
                0x0000000008000280                __aeabi_drsub
                0x0000000008000288                __subdf3
                0x0000000008000288                __aeabi_dsub
                0x000000000800028c                __aeabi_dadd
                0x000000000800028c                __adddf3
                0x0000000008000504                __aeabi_ui2d
                0x0000000008000504                __floatunsidf
                0x0000000008000524                __floatsidf
                0x0000000008000524                __aeabi_i2d
                0x0000000008000548                __extendsfdf2
                0x0000000008000548                __aeabi_f2d
                0x000000000800058c                __aeabi_ul2d
                0x000000000800058c                __floatundidf
                0x000000000800059c                __aeabi_l2d
                0x000000000800059c                __floatdidf
 .text          0x00000000080005f8      0x424 /Applications/STM32CubeIDE.app/Contents/Eclipse/plugins/com.st.stm32cube.ide.mcu.externaltools.gnu-tools-for-stm32.9-2020-q2-update.macos64_2.0.0.202105311346/tools/bin/../lib/gcc/arm-none-eabi/9.3.1/thumb/v7e-m+fp/hard/libgcc.a(_arm_muldivdf3.o)
                0x00000000080005f8                __aeabi_dmul
                0x00000000080005f8                __muldf3
                0x000000000800084c                __aeabi_ddiv
                0x000000000800084c                __divdf3
 .text          0x0000000008000a1c      0x110 /Applications/STM32CubeIDE.app/Contents/Eclipse/plugins/com.st.stm32cube.ide.mcu.externaltools.gnu-tools-for-stm32.9-2020-q2-update.macos64_2.0.0.202105311346/tools/bin/../lib/gcc/arm-none-eabi/9.3.1/thumb/v7e-m+fp/hard/libgcc.a(_arm_cmpdf2.o)
                0x0000000008000a1c                __gedf2
                0x0000000008000a1c                __gtdf2
                0x0000000008000a24                __ledf2
                0x0000000008000a24                __ltdf2
                0x0000000008000a2c                __cmpdf2
                0x0000000008000a2c                __eqdf2
                0x0000000008000a2c                __nedf2
                0x0000000008000aa8                __aeabi_cdrcmple
                0x0000000008000ab8                __aeabi_cdcmple
                0x0000000008000ab8                __aeabi_cdcmpeq
                0x0000000008000ac8                __aeabi_dcmpeq
                0x0000000008000adc                __aeabi_dcmplt
                0x0000000008000af0                __aeabi_dcmple
                0x0000000008000b04                __aeabi_dcmpge
                0x0000000008000b18                __aeabi_dcmpgt
 .text          0x0000000008000b2c       0x2c /Applications/STM32CubeIDE.app/Contents/Eclipse/plugins/com.st.stm32cube.ide.mcu.externaltools.gnu-tools-for-stm32.9-2020-q2-update.macos64_2.0.0.202105311346/tools/bin/../lib/gcc/arm-none-eabi/9.3.1/thumb/v7e-m+fp/hard/libgcc.a(_arm_unorddf2.o)
                0x0000000008000b2c                __aeabi_dcmpun
                0x0000000008000b2c                __unorddf2
 .text          0x0000000008000b58       0x50 /Applications/STM32CubeIDE.app/Contents/Eclipse/plugins/com.st.stm32cube.ide.mcu.externaltools.gnu-tools-for-stm32.9-2020-q2-update.macos64_2.0.0.202105311346/tools/bin/../lib/gcc/arm-none-eabi/9.3.1/thumb/v7e-m+fp/hard/libgcc.a(_arm_fixdfsi.o)
                0x0000000008000b58                __fixdfsi
                0x0000000008000b58                __aeabi_d2iz
 *(.text*)
 .text.HAL_GPIO_EXTI_Callback
                0x0000000008000ba8       0xbc ./Core/Src/main.o
                0x0000000008000ba8                HAL_GPIO_EXTI_Callback
 .text.main     0x0000000008000c64      0x154 ./Core/Src/main.o
                0x0000000008000c64                main
 .text.MX_GPIO_Init
                0x0000000008000db8       0x64 ./Core/Src/main.o
 .text.HAL_MspInit
                0x0000000008000e1c       0x48 ./Core/Src/stm32l4xx_hal_msp.o
                0x0000000008000e1c                HAL_MspInit
 .text.HAL_I2C_MspInit
                0x0000000008000e64       0x88 ./Core/Src/stm32l4xx_hal_msp.o
                0x0000000008000e64                HAL_I2C_MspInit
 .text.HAL_I2C_MspDeInit
                0x0000000008000eec       0x3c ./Core/Src/stm32l4xx_hal_msp.o
                0x0000000008000eec                HAL_I2C_MspDeInit
 .text.NMI_Handler
                0x0000000008000f28        0xe ./Core/Src/stm32l4xx_it.o
                0x0000000008000f28                NMI_Handler
 .text.HardFault_Handler
                0x0000000008000f36        0x6 ./Core/Src/stm32l4xx_it.o
                0x0000000008000f36                HardFault_Handler
 .text.MemManage_Handler
                0x0000000008000f3c        0x6 ./Core/Src/stm32l4xx_it.o
                0x0000000008000f3c                MemManage_Handler
 .text.BusFault_Handler
                0x0000000008000f42        0x6 ./Core/Src/stm32l4xx_it.o
                0x0000000008000f42                BusFault_Handler
 .text.UsageFault_Handler
                0x0000000008000f48        0x6 ./Core/Src/stm32l4xx_it.o
                0x0000000008000f48                UsageFault_Handler
 .text.SVC_Handler
                0x0000000008000f4e        0xe ./Core/Src/stm32l4xx_it.o
                0x0000000008000f4e                SVC_Handler
 .text.DebugMon_Handler
                0x0000000008000f5c        0xe ./Core/Src/stm32l4xx_it.o
                0x0000000008000f5c                DebugMon_Handler
 .text.PendSV_Handler
                0x0000000008000f6a        0xe ./Core/Src/stm32l4xx_it.o
                0x0000000008000f6a                PendSV_Handler
 .text.SysTick_Handler
                0x0000000008000f78        0xc ./Core/Src/stm32l4xx_it.o
                0x0000000008000f78                SysTick_Handler
 .text.EXTI9_5_IRQHandler
                0x0000000008000f84       0x22 ./Core/Src/stm32l4xx_it.o
                0x0000000008000f84                EXTI9_5_IRQHandler
 .text.EXTI15_10_IRQHandler
                0x0000000008000fa6       0x30 ./Core/Src/stm32l4xx_it.o
                0x0000000008000fa6                EXTI15_10_IRQHandler
 .text.EXTI1_IRQHandler
                0x0000000008000fd6        0xe ./Core/Src/stm32l4xx_it.o
                0x0000000008000fd6                EXTI1_IRQHandler
 .text._sbrk    0x0000000008000fe4       0x58 ./Core/Src/sysmem.o
                0x0000000008000fe4                _sbrk
 .text.SystemInit
                0x000000000800103c       0x6c ./Core/Src/system_stm32l4xx.o
                0x000000000800103c                SystemInit
 .text.Reset_Handler
                0x00000000080010a8       0x50 ./Core/Startup/startup_stm32l475vgtx.o
                0x00000000080010a8                Reset_Handler
 .text.Default_Handler
                0x00000000080010f8        0x2 ./Core/Startup/startup_stm32l475vgtx.o
                0x00000000080010f8                TIM1_BRK_TIM15_IRQHandler
                0x00000000080010f8                EXTI2_IRQHandler
                0x00000000080010f8                TIM8_TRG_COM_IRQHandler
                0x00000000080010f8                TIM8_CC_IRQHandler
                0x00000000080010f8                TIM1_CC_IRQHandler
                0x00000000080010f8                TSC_IRQHandler
                0x00000000080010f8                TAMP_STAMP_IRQHandler
                0x00000000080010f8                EXTI3_IRQHandler
                0x00000000080010f8                LPTIM2_IRQHandler
                0x00000000080010f8                DFSDM1_FLT1_IRQHandler
                0x00000000080010f8                I2C3_ER_IRQHandler
                0x00000000080010f8                DFSDM1_FLT2_IRQHandler
                0x00000000080010f8                EXTI0_IRQHandler
                0x00000000080010f8                I2C2_EV_IRQHandler
                0x00000000080010f8                CAN1_RX0_IRQHandler
                0x00000000080010f8                FPU_IRQHandler
                0x00000000080010f8                TIM1_UP_TIM16_IRQHandler
                0x00000000080010f8                ADC1_2_IRQHandler
                0x00000000080010f8                SPI1_IRQHandler
                0x00000000080010f8                TIM6_DAC_IRQHandler
                0x00000000080010f8                TIM8_UP_IRQHandler
                0x00000000080010f8                DMA2_Channel2_IRQHandler
                0x00000000080010f8                DMA1_Channel4_IRQHandler
                0x00000000080010f8                SAI2_IRQHandler
                0x00000000080010f8                DFSDM1_FLT3_IRQHandler
                0x00000000080010f8                USART3_IRQHandler
                0x00000000080010f8                DMA1_Channel7_IRQHandler
                0x00000000080010f8                CAN1_RX1_IRQHandler
                0x00000000080010f8                UART5_IRQHandler
                0x00000000080010f8                ADC3_IRQHandler
                0x00000000080010f8                TIM4_IRQHandler
                0x00000000080010f8                DMA2_Channel1_IRQHandler
                0x00000000080010f8                QUADSPI_IRQHandler
                0x00000000080010f8                I2C1_EV_IRQHandler
                0x00000000080010f8                DMA1_Channel6_IRQHandler
                0x00000000080010f8                UART4_IRQHandler
                0x00000000080010f8                DMA2_Channel4_IRQHandler
                0x00000000080010f8                TIM3_IRQHandler
                0x00000000080010f8                RCC_IRQHandler
                0x00000000080010f8                DMA1_Channel1_IRQHandler
                0x00000000080010f8                Default_Handler
                0x00000000080010f8                DMA2_Channel7_IRQHandler
                0x00000000080010f8                TIM7_IRQHandler
                0x00000000080010f8                SDMMC1_IRQHandler
                0x00000000080010f8                TIM5_IRQHandler
                0x00000000080010f8                I2C3_EV_IRQHandler
                0x00000000080010f8                RTC_WKUP_IRQHandler
                0x00000000080010f8                PVD_PVM_IRQHandler
                0x00000000080010f8                SPI2_IRQHandler
                0x00000000080010f8                CAN1_TX_IRQHandler
                0x00000000080010f8                DMA2_Channel5_IRQHandler
                0x00000000080010f8                DMA1_Channel5_IRQHandler
                0x00000000080010f8                EXTI4_IRQHandler
                0x00000000080010f8                RNG_IRQHandler
                0x00000000080010f8                TIM1_TRG_COM_TIM17_IRQHandler
                0x00000000080010f8                DMA1_Channel3_IRQHandler
                0x00000000080010f8                COMP_IRQHandler
                0x00000000080010f8                WWDG_IRQHandler
                0x00000000080010f8                LPUART1_IRQHandler
                0x00000000080010f8                DMA2_Channel6_IRQHandler
                0x00000000080010f8                TIM2_IRQHandler
                0x00000000080010f8                USART2_IRQHandler
                0x00000000080010f8                DFSDM1_FLT0_IRQHandler
                0x00000000080010f8                I2C2_ER_IRQHandler
                0x00000000080010f8                DMA1_Channel2_IRQHandler
                0x00000000080010f8                TIM8_BRK_IRQHandler
                0x00000000080010f8                CAN1_SCE_IRQHandler
                0x00000000080010f8                FLASH_IRQHandler
                0x00000000080010f8                USART1_IRQHandler
                0x00000000080010f8                OTG_FS_IRQHandler
                0x00000000080010f8                SPI3_IRQHandler
                0x00000000080010f8                I2C1_ER_IRQHandler
                0x00000000080010f8                FMC_IRQHandler
                0x00000000080010f8                SWPMI1_IRQHandler
                0x00000000080010f8                LPTIM1_IRQHandler
                0x00000000080010f8                SAI1_IRQHandler
                0x00000000080010f8                DMA2_Channel3_IRQHandler
                0x00000000080010f8                RTC_Alarm_IRQHandler
 *fill*         0x00000000080010fa        0x2 
 .text.I2Cx_MspInit
                0x00000000080010fc       0xb0 ./Drivers/BSP/B-L475E-IOT01/stm32l475e_iot01.o
 .text.I2Cx_Init
                0x00000000080011ac       0x5c ./Drivers/BSP/B-L475E-IOT01/stm32l475e_iot01.o
 .text.I2Cx_ReadMultiple
                0x0000000008001208       0x5a ./Drivers/BSP/B-L475E-IOT01/stm32l475e_iot01.o
 .text.I2Cx_WriteMultiple
                0x0000000008001262       0x5a ./Drivers/BSP/B-L475E-IOT01/stm32l475e_iot01.o
 .text.I2Cx_Error
                0x00000000080012bc       0x20 ./Drivers/BSP/B-L475E-IOT01/stm32l475e_iot01.o
 .text.SENSOR_IO_Init
                0x00000000080012dc       0x14 ./Drivers/BSP/B-L475E-IOT01/stm32l475e_iot01.o
                0x00000000080012dc                SENSOR_IO_Init
 .text.SENSOR_IO_Write
                0x00000000080012f0       0x34 ./Drivers/BSP/B-L475E-IOT01/stm32l475e_iot01.o
                0x00000000080012f0                SENSOR_IO_Write
 .text.SENSOR_IO_Read
                0x0000000008001324       0x3c ./Drivers/BSP/B-L475E-IOT01/stm32l475e_iot01.o
                0x0000000008001324                SENSOR_IO_Read
 .text.SENSOR_IO_ReadMultiple
                0x0000000008001360       0x3c ./Drivers/BSP/B-L475E-IOT01/stm32l475e_iot01.o
                0x0000000008001360                SENSOR_IO_ReadMultiple
 .text.BSP_ACCELERO_Init
                0x000000000800139c       0x7c ./Drivers/BSP/B-L475E-IOT01/stm32l475e_iot01_accelero.o
                0x000000000800139c                BSP_ACCELERO_Init
 .text.BSP_ACCELERO_AccGetXYZ
                0x0000000008001418       0x30 ./Drivers/BSP/B-L475E-IOT01/stm32l475e_iot01_accelero.o
                0x0000000008001418                BSP_ACCELERO_AccGetXYZ
 .text.BSP_TSENSOR_Init
                0x0000000008001448       0x38 ./Drivers/BSP/B-L475E-IOT01/stm32l475e_iot01_tsensor.o
                0x0000000008001448                BSP_TSENSOR_Init
 .text.BSP_TSENSOR_ReadTemp
                0x0000000008001480       0x1c ./Drivers/BSP/B-L475E-IOT01/stm32l475e_iot01_tsensor.o
                0x0000000008001480                BSP_TSENSOR_ReadTemp
 .text.HTS221_T_Init
                0x000000000800149c       0x5a ./Drivers/BSP/Components/hts221/hts221.o
                0x000000000800149c                HTS221_T_Init
 .text.HTS221_T_ReadTemp
                0x00000000080014f6      0x10e ./Drivers/BSP/Components/hts221/hts221.o
                0x00000000080014f6                HTS221_T_ReadTemp
 .text.LSM6DSL_AccInit
                0x0000000008001604       0x72 ./Drivers/BSP/Components/lsm6dsl/lsm6dsl.o
                0x0000000008001604                LSM6DSL_AccInit
 .text.LSM6DSL_AccDeInit
                0x0000000008001676       0x32 ./Drivers/BSP/Components/lsm6dsl/lsm6dsl.o
                0x0000000008001676                LSM6DSL_AccDeInit
 .text.LSM6DSL_AccReadID
                0x00000000080016a8       0x16 ./Drivers/BSP/Components/lsm6dsl/lsm6dsl.o
                0x00000000080016a8                LSM6DSL_AccReadID
 .text.LSM6DSL_AccLowPower
                0x00000000080016be       0x44 ./Drivers/BSP/Components/lsm6dsl/lsm6dsl.o
                0x00000000080016be                LSM6DSL_AccLowPower
 *fill*         0x0000000008001702        0x2 
 .text.LSM6DSL_AccReadXYZ
                0x0000000008001704      0x138 ./Drivers/BSP/Components/lsm6dsl/lsm6dsl.o
                0x0000000008001704                LSM6DSL_AccReadXYZ
 .text.HAL_Init
                0x000000000800183c       0x30 ./Drivers/STM32L4xx_HAL_Driver/Src/stm32l4xx_hal.o
                0x000000000800183c                HAL_Init
 .text.HAL_InitTick
                0x000000000800186c       0x74 ./Drivers/STM32L4xx_HAL_Driver/Src/stm32l4xx_hal.o
                0x000000000800186c                HAL_InitTick
 .text.HAL_IncTick
                0x00000000080018e0       0x24 ./Drivers/STM32L4xx_HAL_Driver/Src/stm32l4xx_hal.o
                0x00000000080018e0                HAL_IncTick
 .text.HAL_GetTick
                0x0000000008001904       0x18 ./Drivers/STM32L4xx_HAL_Driver/Src/stm32l4xx_hal.o
                0x0000000008001904                HAL_GetTick
 .text.__NVIC_SetPriorityGrouping
                0x000000000800191c       0x48 ./Drivers/STM32L4xx_HAL_Driver/Src/stm32l4xx_hal_cortex.o
 .text.__NVIC_GetPriorityGrouping
                0x0000000008001964       0x1c ./Drivers/STM32L4xx_HAL_Driver/Src/stm32l4xx_hal_cortex.o
 .text.__NVIC_EnableIRQ
                0x0000000008001980       0x3c ./Drivers/STM32L4xx_HAL_Driver/Src/stm32l4xx_hal_cortex.o
 .text.__NVIC_SetPriority
                0x00000000080019bc       0x54 ./Drivers/STM32L4xx_HAL_Driver/Src/stm32l4xx_hal_cortex.o
 .text.NVIC_EncodePriority
                0x0000000008001a10       0x66 ./Drivers/STM32L4xx_HAL_Driver/Src/stm32l4xx_hal_cortex.o
 *fill*         0x0000000008001a76        0x2 
 .text.SysTick_Config
                0x0000000008001a78       0x44 ./Drivers/STM32L4xx_HAL_Driver/Src/stm32l4xx_hal_cortex.o
 .text.HAL_NVIC_SetPriorityGrouping
                0x0000000008001abc       0x16 ./Drivers/STM32L4xx_HAL_Driver/Src/stm32l4xx_hal_cortex.o
                0x0000000008001abc                HAL_NVIC_SetPriorityGrouping
 .text.HAL_NVIC_SetPriority
                0x0000000008001ad2       0x38 ./Drivers/STM32L4xx_HAL_Driver/Src/stm32l4xx_hal_cortex.o
                0x0000000008001ad2                HAL_NVIC_SetPriority
 .text.HAL_NVIC_EnableIRQ
                0x0000000008001b0a       0x1c ./Drivers/STM32L4xx_HAL_Driver/Src/stm32l4xx_hal_cortex.o
                0x0000000008001b0a                HAL_NVIC_EnableIRQ
 .text.HAL_SYSTICK_Config
                0x0000000008001b26       0x18 ./Drivers/STM32L4xx_HAL_Driver/Src/stm32l4xx_hal_cortex.o
                0x0000000008001b26                HAL_SYSTICK_Config
 *fill*         0x0000000008001b3e        0x2 
 .text.HAL_GPIO_Init
                0x0000000008001b40      0x354 ./Drivers/STM32L4xx_HAL_Driver/Src/stm32l4xx_hal_gpio.o
                0x0000000008001b40                HAL_GPIO_Init
 .text.HAL_GPIO_DeInit
                0x0000000008001e94      0x1e8 ./Drivers/STM32L4xx_HAL_Driver/Src/stm32l4xx_hal_gpio.o
                0x0000000008001e94                HAL_GPIO_DeInit
 .text.HAL_GPIO_WritePin
                0x000000000800207c       0x30 ./Drivers/STM32L4xx_HAL_Driver/Src/stm32l4xx_hal_gpio.o
                0x000000000800207c                HAL_GPIO_WritePin
 .text.HAL_GPIO_TogglePin
                0x00000000080020ac       0x32 ./Drivers/STM32L4xx_HAL_Driver/Src/stm32l4xx_hal_gpio.o
                0x00000000080020ac                HAL_GPIO_TogglePin
 *fill*         0x00000000080020de        0x2 
 .text.HAL_GPIO_EXTI_IRQHandler
                0x00000000080020e0       0x30 ./Drivers/STM32L4xx_HAL_Driver/Src/stm32l4xx_hal_gpio.o
                0x00000000080020e0                HAL_GPIO_EXTI_IRQHandler
 .text.HAL_I2C_Init
                0x0000000008002110      0x11e ./Drivers/STM32L4xx_HAL_Driver/Src/stm32l4xx_hal_i2c.o
                0x0000000008002110                HAL_I2C_Init
 .text.HAL_I2C_DeInit
                0x000000000800222e       0x5e ./Drivers/STM32L4xx_HAL_Driver/Src/stm32l4xx_hal_i2c.o
                0x000000000800222e                HAL_I2C_DeInit
 .text.HAL_I2C_Mem_Write
                0x000000000800228c      0x228 ./Drivers/STM32L4xx_HAL_Driver/Src/stm32l4xx_hal_i2c.o
                0x000000000800228c                HAL_I2C_Mem_Write
 .text.HAL_I2C_Mem_Read
                0x00000000080024b4      0x234 ./Drivers/STM32L4xx_HAL_Driver/Src/stm32l4xx_hal_i2c.o
                0x00000000080024b4                HAL_I2C_Mem_Read
 .text.I2C_RequestMemoryWrite
                0x00000000080026e8       0xa8 ./Drivers/STM32L4xx_HAL_Driver/Src/stm32l4xx_hal_i2c.o
 .text.I2C_RequestMemoryRead
                0x0000000008002790       0xa8 ./Drivers/STM32L4xx_HAL_Driver/Src/stm32l4xx_hal_i2c.o
 .text.I2C_Flush_TXDR
                0x0000000008002838       0x48 ./Drivers/STM32L4xx_HAL_Driver/Src/stm32l4xx_hal_i2c.o
 .text.I2C_WaitOnFlagUntilTimeout
                0x0000000008002880       0x80 ./Drivers/STM32L4xx_HAL_Driver/Src/stm32l4xx_hal_i2c.o
 .text.I2C_WaitOnTXISFlagUntilTimeout
                0x0000000008002900       0x80 ./Drivers/STM32L4xx_HAL_Driver/Src/stm32l4xx_hal_i2c.o
 .text.I2C_WaitOnSTOPFlagUntilTimeout
                0x0000000008002980       0x78 ./Drivers/STM32L4xx_HAL_Driver/Src/stm32l4xx_hal_i2c.o
 .text.I2C_IsAcknowledgeFailed
                0x00000000080029f8       0xcc ./Drivers/STM32L4xx_HAL_Driver/Src/stm32l4xx_hal_i2c.o
 .text.I2C_TransferConfig
                0x0000000008002ac4       0x5c ./Drivers/STM32L4xx_HAL_Driver/Src/stm32l4xx_hal_i2c.o
 .text.HAL_I2CEx_ConfigAnalogFilter
                0x0000000008002b20       0x96 ./Drivers/STM32L4xx_HAL_Driver/Src/stm32l4xx_hal_i2c_ex.o
                0x0000000008002b20                HAL_I2CEx_ConfigAnalogFilter
 *fill*         0x0000000008002bb6        0x2 
 .text.findslot
                0x0000000008002bb8       0x34 /Applications/STM32CubeIDE.app/Contents/Eclipse/plugins/com.st.stm32cube.ide.mcu.externaltools.gnu-tools-for-stm32.9-2020-q2-update.macos64_2.0.0.202105311346/tools/bin/../lib/gcc/arm-none-eabi/9.3.1/../../../../arm-none-eabi/lib/thumb/v7e-m+fp/hard/librdimon_nano.a(rdimon-syscalls.o)
 .text.checkerror
                0x0000000008002bec       0x20 /Applications/STM32CubeIDE.app/Contents/Eclipse/plugins/com.st.stm32cube.ide.mcu.externaltools.gnu-tools-for-stm32.9-2020-q2-update.macos64_2.0.0.202105311346/tools/bin/../lib/gcc/arm-none-eabi/9.3.1/../../../../arm-none-eabi/lib/thumb/v7e-m+fp/hard/librdimon_nano.a(rdimon-syscalls.o)
 .text.error    0x0000000008002c0c       0x1c /Applications/STM32CubeIDE.app/Contents/Eclipse/plugins/com.st.stm32cube.ide.mcu.externaltools.gnu-tools-for-stm32.9-2020-q2-update.macos64_2.0.0.202105311346/tools/bin/../lib/gcc/arm-none-eabi/9.3.1/../../../../arm-none-eabi/lib/thumb/v7e-m+fp/hard/librdimon_nano.a(rdimon-syscalls.o)
 .text._swiread
                0x0000000008002c28       0x20 /Applications/STM32CubeIDE.app/Contents/Eclipse/plugins/com.st.stm32cube.ide.mcu.externaltools.gnu-tools-for-stm32.9-2020-q2-update.macos64_2.0.0.202105311346/tools/bin/../lib/gcc/arm-none-eabi/9.3.1/../../../../arm-none-eabi/lib/thumb/v7e-m+fp/hard/librdimon_nano.a(rdimon-syscalls.o)
                0x0000000008002c28                _swiread
 .text._read    0x0000000008002c48       0x38 /Applications/STM32CubeIDE.app/Contents/Eclipse/plugins/com.st.stm32cube.ide.mcu.externaltools.gnu-tools-for-stm32.9-2020-q2-update.macos64_2.0.0.202105311346/tools/bin/../lib/gcc/arm-none-eabi/9.3.1/../../../../arm-none-eabi/lib/thumb/v7e-m+fp/hard/librdimon_nano.a(rdimon-syscalls.o)
                0x0000000008002c48                _read
 .text._swilseek
                0x0000000008002c80       0x78 /Applications/STM32CubeIDE.app/Contents/Eclipse/plugins/com.st.stm32cube.ide.mcu.externaltools.gnu-tools-for-stm32.9-2020-q2-update.macos64_2.0.0.202105311346/tools/bin/../lib/gcc/arm-none-eabi/9.3.1/../../../../arm-none-eabi/lib/thumb/v7e-m+fp/hard/librdimon_nano.a(rdimon-syscalls.o)
                0x0000000008002c80                _swilseek
 .text._lseek   0x0000000008002cf8        0x4 /Applications/STM32CubeIDE.app/Contents/Eclipse/plugins/com.st.stm32cube.ide.mcu.externaltools.gnu-tools-for-stm32.9-2020-q2-update.macos64_2.0.0.202105311346/tools/bin/../lib/gcc/arm-none-eabi/9.3.1/../../../../arm-none-eabi/lib/thumb/v7e-m+fp/hard/librdimon_nano.a(rdimon-syscalls.o)
                0x0000000008002cf8                _lseek
 .text._swiwrite
                0x0000000008002cfc       0x20 /Applications/STM32CubeIDE.app/Contents/Eclipse/plugins/com.st.stm32cube.ide.mcu.externaltools.gnu-tools-for-stm32.9-2020-q2-update.macos64_2.0.0.202105311346/tools/bin/../lib/gcc/arm-none-eabi/9.3.1/../../../../arm-none-eabi/lib/thumb/v7e-m+fp/hard/librdimon_nano.a(rdimon-syscalls.o)
                0x0000000008002cfc                _swiwrite
 .text._write   0x0000000008002d1c       0x48 /Applications/STM32CubeIDE.app/Contents/Eclipse/plugins/com.st.stm32cube.ide.mcu.externaltools.gnu-tools-for-stm32.9-2020-q2-update.macos64_2.0.0.202105311346/tools/bin/../lib/gcc/arm-none-eabi/9.3.1/../../../../arm-none-eabi/lib/thumb/v7e-m+fp/hard/librdimon_nano.a(rdimon-syscalls.o)
                0x0000000008002d1c                _write
 .text._swiclose
                0x0000000008002d64       0x1a /Applications/STM32CubeIDE.app/Contents/Eclipse/plugins/com.st.stm32cube.ide.mcu.externaltools.gnu-tools-for-stm32.9-2020-q2-update.macos64_2.0.0.202105311346/tools/bin/../lib/gcc/arm-none-eabi/9.3.1/../../../../arm-none-eabi/lib/thumb/v7e-m+fp/hard/librdimon_nano.a(rdimon-syscalls.o)
                0x0000000008002d64                _swiclose
 *fill*         0x0000000008002d7e        0x2 
 .text._close   0x0000000008002d80       0x4c /Applications/STM32CubeIDE.app/Contents/Eclipse/plugins/com.st.stm32cube.ide.mcu.externaltools.gnu-tools-for-stm32.9-2020-q2-update.macos64_2.0.0.202105311346/tools/bin/../lib/gcc/arm-none-eabi/9.3.1/../../../../arm-none-eabi/lib/thumb/v7e-m+fp/hard/librdimon_nano.a(rdimon-syscalls.o)
                0x0000000008002d80                _close
 .text._getpid  0x0000000008002dcc        0x4 /Applications/STM32CubeIDE.app/Contents/Eclipse/plugins/com.st.stm32cube.ide.mcu.externaltools.gnu-tools-for-stm32.9-2020-q2-update.macos64_2.0.0.202105311346/tools/bin/../lib/gcc/arm-none-eabi/9.3.1/../../../../arm-none-eabi/lib/thumb/v7e-m+fp/hard/librdimon_nano.a(rdimon-syscalls.o)
                0x0000000008002dcc                _getpid
 .text._swistat
                0x0000000008002dd0       0x42 /Applications/STM32CubeIDE.app/Contents/Eclipse/plugins/com.st.stm32cube.ide.mcu.externaltools.gnu-tools-for-stm32.9-2020-q2-update.macos64_2.0.0.202105311346/tools/bin/../lib/gcc/arm-none-eabi/9.3.1/../../../../arm-none-eabi/lib/thumb/v7e-m+fp/hard/librdimon_nano.a(rdimon-syscalls.o)
                0x0000000008002dd0                _swistat
 .text._fstat   0x0000000008002e12       0x1c /Applications/STM32CubeIDE.app/Contents/Eclipse/plugins/com.st.stm32cube.ide.mcu.externaltools.gnu-tools-for-stm32.9-2020-q2-update.macos64_2.0.0.202105311346/tools/bin/../lib/gcc/arm-none-eabi/9.3.1/../../../../arm-none-eabi/lib/thumb/v7e-m+fp/hard/librdimon_nano.a(rdimon-syscalls.o)
                0x0000000008002e12                _fstat
 .text._stat    0x0000000008002e2e       0x3a /Applications/STM32CubeIDE.app/Contents/Eclipse/plugins/com.st.stm32cube.ide.mcu.externaltools.gnu-tools-for-stm32.9-2020-q2-update.macos64_2.0.0.202105311346/tools/bin/../lib/gcc/arm-none-eabi/9.3.1/../../../../arm-none-eabi/lib/thumb/v7e-m+fp/hard/librdimon_nano.a(rdimon-syscalls.o)
                0x0000000008002e2e                _stat
 .text._swiopen
                0x0000000008002e68       0xb4 /Applications/STM32CubeIDE.app/Contents/Eclipse/plugins/com.st.stm32cube.ide.mcu.externaltools.gnu-tools-for-stm32.9-2020-q2-update.macos64_2.0.0.202105311346/tools/bin/../lib/gcc/arm-none-eabi/9.3.1/../../../../arm-none-eabi/lib/thumb/v7e-m+fp/hard/librdimon_nano.a(rdimon-syscalls.o)
                0x0000000008002e68                _swiopen
 .text._get_semihosting_exts
                0x0000000008002f1c       0xb8 /Applications/STM32CubeIDE.app/Contents/Eclipse/plugins/com.st.stm32cube.ide.mcu.externaltools.gnu-tools-for-stm32.9-2020-q2-update.macos64_2.0.0.202105311346/tools/bin/../lib/gcc/arm-none-eabi/9.3.1/../../../../arm-none-eabi/lib/thumb/v7e-m+fp/hard/librdimon_nano.a(rdimon-syscalls.o)
                0x0000000008002f1c                _get_semihosting_exts
 .text.initialise_semihosting_exts
                0x0000000008002fd4       0x34 /Applications/STM32CubeIDE.app/Contents/Eclipse/plugins/com.st.stm32cube.ide.mcu.externaltools.gnu-tools-for-stm32.9-2020-q2-update.macos64_2.0.0.202105311346/tools/bin/../lib/gcc/arm-none-eabi/9.3.1/../../../../arm-none-eabi/lib/thumb/v7e-m+fp/hard/librdimon_nano.a(rdimon-syscalls.o)
 .text._has_ext_stdout_stderr
                0x0000000008003008       0x18 /Applications/STM32CubeIDE.app/Contents/Eclipse/plugins/com.st.stm32cube.ide.mcu.externaltools.gnu-tools-for-stm32.9-2020-q2-update.macos64_2.0.0.202105311346/tools/bin/../lib/gcc/arm-none-eabi/9.3.1/../../../../arm-none-eabi/lib/thumb/v7e-m+fp/hard/librdimon_nano.a(rdimon-syscalls.o)
                0x0000000008003008                _has_ext_stdout_stderr
 .text.initialise_monitor_handles
                0x0000000008003020       0xbc /Applications/STM32CubeIDE.app/Contents/Eclipse/plugins/com.st.stm32cube.ide.mcu.externaltools.gnu-tools-for-stm32.9-2020-q2-update.macos64_2.0.0.202105311346/tools/bin/../lib/gcc/arm-none-eabi/9.3.1/../../../../arm-none-eabi/lib/thumb/v7e-m+fp/hard/librdimon_nano.a(rdimon-syscalls.o)
                0x0000000008003020                initialise_monitor_handles
 .text._isatty  0x00000000080030dc       0x38 /Applications/STM32CubeIDE.app/Contents/Eclipse/plugins/com.st.stm32cube.ide.mcu.externaltools.gnu-tools-for-stm32.9-2020-q2-update.macos64_2.0.0.202105311346/tools/bin/../lib/gcc/arm-none-eabi/9.3.1/../../../../arm-none-eabi/lib/thumb/v7e-m+fp/hard/librdimon_nano.a(rdimon-syscalls.o)
                0x00000000080030dc                _isatty
 .text.__errno  0x0000000008003114        0xc /Applications/STM32CubeIDE.app/Contents/Eclipse/plugins/com.st.stm32cube.ide.mcu.externaltools.gnu-tools-for-stm32.9-2020-q2-update.macos64_2.0.0.202105311346/tools/bin/../lib/gcc/arm-none-eabi/9.3.1/../../../../arm-none-eabi/lib/thumb/v7e-m+fp/hard/libc_nano.a(lib_a-errno.o)
                0x0000000008003114                __errno
 .text.std      0x0000000008003120       0x48 /Applications/STM32CubeIDE.app/Contents/Eclipse/plugins/com.st.stm32cube.ide.mcu.externaltools.gnu-tools-for-stm32.9-2020-q2-update.macos64_2.0.0.202105311346/tools/bin/../lib/gcc/arm-none-eabi/9.3.1/../../../../arm-none-eabi/lib/thumb/v7e-m+fp/hard/libc_nano.a(lib_a-findfp.o)
 .text._cleanup_r
                0x0000000008003168        0xc /Applications/STM32CubeIDE.app/Contents/Eclipse/plugins/com.st.stm32cube.ide.mcu.externaltools.gnu-tools-for-stm32.9-2020-q2-update.macos64_2.0.0.202105311346/tools/bin/../lib/gcc/arm-none-eabi/9.3.1/../../../../arm-none-eabi/lib/thumb/v7e-m+fp/hard/libc_nano.a(lib_a-findfp.o)
                0x0000000008003168                _cleanup_r
 .text.__sfmoreglue
                0x0000000008003174       0x2c /Applications/STM32CubeIDE.app/Contents/Eclipse/plugins/com.st.stm32cube.ide.mcu.externaltools.gnu-tools-for-stm32.9-2020-q2-update.macos64_2.0.0.202105311346/tools/bin/../lib/gcc/arm-none-eabi/9.3.1/../../../../arm-none-eabi/lib/thumb/v7e-m+fp/hard/libc_nano.a(lib_a-findfp.o)
                0x0000000008003174                __sfmoreglue
 .text.__sfp_lock_acquire
                0x00000000080031a0        0xc /Applications/STM32CubeIDE.app/Contents/Eclipse/plugins/com.st.stm32cube.ide.mcu.externaltools.gnu-tools-for-stm32.9-2020-q2-update.macos64_2.0.0.202105311346/tools/bin/../lib/gcc/arm-none-eabi/9.3.1/../../../../arm-none-eabi/lib/thumb/v7e-m+fp/hard/libc_nano.a(lib_a-findfp.o)
                0x00000000080031a0                __sfp_lock_acquire
 .text.__sfp_lock_release
                0x00000000080031ac        0xc /Applications/STM32CubeIDE.app/Contents/Eclipse/plugins/com.st.stm32cube.ide.mcu.externaltools.gnu-tools-for-stm32.9-2020-q2-update.macos64_2.0.0.202105311346/tools/bin/../lib/gcc/arm-none-eabi/9.3.1/../../../../arm-none-eabi/lib/thumb/v7e-m+fp/hard/libc_nano.a(lib_a-findfp.o)
                0x00000000080031ac                __sfp_lock_release
 .text.__sinit_lock_acquire
                0x00000000080031b8        0xc /Applications/STM32CubeIDE.app/Contents/Eclipse/plugins/com.st.stm32cube.ide.mcu.externaltools.gnu-tools-for-stm32.9-2020-q2-update.macos64_2.0.0.202105311346/tools/bin/../lib/gcc/arm-none-eabi/9.3.1/../../../../arm-none-eabi/lib/thumb/v7e-m+fp/hard/libc_nano.a(lib_a-findfp.o)
                0x00000000080031b8                __sinit_lock_acquire
 .text.__sinit_lock_release
                0x00000000080031c4        0xc /Applications/STM32CubeIDE.app/Contents/Eclipse/plugins/com.st.stm32cube.ide.mcu.externaltools.gnu-tools-for-stm32.9-2020-q2-update.macos64_2.0.0.202105311346/tools/bin/../lib/gcc/arm-none-eabi/9.3.1/../../../../arm-none-eabi/lib/thumb/v7e-m+fp/hard/libc_nano.a(lib_a-findfp.o)
                0x00000000080031c4                __sinit_lock_release
 .text.__sinit  0x00000000080031d0       0x70 /Applications/STM32CubeIDE.app/Contents/Eclipse/plugins/com.st.stm32cube.ide.mcu.externaltools.gnu-tools-for-stm32.9-2020-q2-update.macos64_2.0.0.202105311346/tools/bin/../lib/gcc/arm-none-eabi/9.3.1/../../../../arm-none-eabi/lib/thumb/v7e-m+fp/hard/libc_nano.a(lib_a-findfp.o)
                0x00000000080031d0                __sinit
 .text.__sfp    0x0000000008003240       0x8c /Applications/STM32CubeIDE.app/Contents/Eclipse/plugins/com.st.stm32cube.ide.mcu.externaltools.gnu-tools-for-stm32.9-2020-q2-update.macos64_2.0.0.202105311346/tools/bin/../lib/gcc/arm-none-eabi/9.3.1/../../../../arm-none-eabi/lib/thumb/v7e-m+fp/hard/libc_nano.a(lib_a-findfp.o)
                0x0000000008003240                __sfp
 .text._fwalk_reent
                0x00000000080032cc       0x3e /Applications/STM32CubeIDE.app/Contents/Eclipse/plugins/com.st.stm32cube.ide.mcu.externaltools.gnu-tools-for-stm32.9-2020-q2-update.macos64_2.0.0.202105311346/tools/bin/../lib/gcc/arm-none-eabi/9.3.1/../../../../arm-none-eabi/lib/thumb/v7e-m+fp/hard/libc_nano.a(lib_a-fwalk.o)
                0x00000000080032cc                _fwalk_reent
 *fill*         0x000000000800330a        0x2 
 .text.__libc_init_array
                0x000000000800330c       0x48 /Applications/STM32CubeIDE.app/Contents/Eclipse/plugins/com.st.stm32cube.ide.mcu.externaltools.gnu-tools-for-stm32.9-2020-q2-update.macos64_2.0.0.202105311346/tools/bin/../lib/gcc/arm-none-eabi/9.3.1/../../../../arm-none-eabi/lib/thumb/v7e-m+fp/hard/libc_nano.a(lib_a-init.o)
                0x000000000800330c                __libc_init_array
 .text.__retarget_lock_init_recursive
                0x0000000008003354        0x2 /Applications/STM32CubeIDE.app/Contents/Eclipse/plugins/com.st.stm32cube.ide.mcu.externaltools.gnu-tools-for-stm32.9-2020-q2-update.macos64_2.0.0.202105311346/tools/bin/../lib/gcc/arm-none-eabi/9.3.1/../../../../arm-none-eabi/lib/thumb/v7e-m+fp/hard/libc_nano.a(lib_a-lock.o)
                0x0000000008003354                __retarget_lock_init_recursive
 .text.__retarget_lock_acquire_recursive
                0x0000000008003356        0x2 /Applications/STM32CubeIDE.app/Contents/Eclipse/plugins/com.st.stm32cube.ide.mcu.externaltools.gnu-tools-for-stm32.9-2020-q2-update.macos64_2.0.0.202105311346/tools/bin/../lib/gcc/arm-none-eabi/9.3.1/../../../../arm-none-eabi/lib/thumb/v7e-m+fp/hard/libc_nano.a(lib_a-lock.o)
                0x0000000008003356                __retarget_lock_acquire_recursive
 .text.__retarget_lock_release_recursive
                0x0000000008003358        0x2 /Applications/STM32CubeIDE.app/Contents/Eclipse/plugins/com.st.stm32cube.ide.mcu.externaltools.gnu-tools-for-stm32.9-2020-q2-update.macos64_2.0.0.202105311346/tools/bin/../lib/gcc/arm-none-eabi/9.3.1/../../../../arm-none-eabi/lib/thumb/v7e-m+fp/hard/libc_nano.a(lib_a-lock.o)
                0x0000000008003358                __retarget_lock_release_recursive
 .text.memcpy   0x000000000800335a       0x1c /Applications/STM32CubeIDE.app/Contents/Eclipse/plugins/com.st.stm32cube.ide.mcu.externaltools.gnu-tools-for-stm32.9-2020-q2-update.macos64_2.0.0.202105311346/tools/bin/../lib/gcc/arm-none-eabi/9.3.1/../../../../arm-none-eabi/lib/thumb/v7e-m+fp/hard/libc_nano.a(lib_a-memcpy-stub.o)
                0x000000000800335a                memcpy
 .text.memset   0x0000000008003376       0x10 /Applications/STM32CubeIDE.app/Contents/Eclipse/plugins/com.st.stm32cube.ide.mcu.externaltools.gnu-tools-for-stm32.9-2020-q2-update.macos64_2.0.0.202105311346/tools/bin/../lib/gcc/arm-none-eabi/9.3.1/../../../../arm-none-eabi/lib/thumb/v7e-m+fp/hard/libc_nano.a(lib_a-memset.o)
                0x0000000008003376                memset
 *fill*         0x0000000008003386        0x2 
 .text._malloc_r
                0x0000000008003388       0xb4 /Applications/STM32CubeIDE.app/Contents/Eclipse/plugins/com.st.stm32cube.ide.mcu.externaltools.gnu-tools-for-stm32.9-2020-q2-update.macos64_2.0.0.202105311346/tools/bin/../lib/gcc/arm-none-eabi/9.3.1/../../../../arm-none-eabi/lib/thumb/v7e-m+fp/hard/libc_nano.a(lib_a-nano-mallocr.o)
                0x0000000008003388                _malloc_r
 .text.__cvt    0x000000000800343c       0xc4 /Applications/STM32CubeIDE.app/Contents/Eclipse/plugins/com.st.stm32cube.ide.mcu.externaltools.gnu-tools-for-stm32.9-2020-q2-update.macos64_2.0.0.202105311346/tools/bin/../lib/gcc/arm-none-eabi/9.3.1/../../../../arm-none-eabi/lib/thumb/v7e-m+fp/hard/libc_nano.a(lib_a-nano-vfprintf_float.o)
                0x000000000800343c                __cvt
 .text.__exponent
                0x0000000008003500       0x7c /Applications/STM32CubeIDE.app/Contents/Eclipse/plugins/com.st.stm32cube.ide.mcu.externaltools.gnu-tools-for-stm32.9-2020-q2-update.macos64_2.0.0.202105311346/tools/bin/../lib/gcc/arm-none-eabi/9.3.1/../../../../arm-none-eabi/lib/thumb/v7e-m+fp/hard/libc_nano.a(lib_a-nano-vfprintf_float.o)
                0x0000000008003500                __exponent
 .text._printf_float
                0x000000000800357c      0x46c /Applications/STM32CubeIDE.app/Contents/Eclipse/plugins/com.st.stm32cube.ide.mcu.externaltools.gnu-tools-for-stm32.9-2020-q2-update.macos64_2.0.0.202105311346/tools/bin/../lib/gcc/arm-none-eabi/9.3.1/../../../../arm-none-eabi/lib/thumb/v7e-m+fp/hard/libc_nano.a(lib_a-nano-vfprintf_float.o)
                0x000000000800357c                _printf_float
 .text._printf_common
                0x00000000080039e8       0xda /Applications/STM32CubeIDE.app/Contents/Eclipse/plugins/com.st.stm32cube.ide.mcu.externaltools.gnu-tools-for-stm32.9-2020-q2-update.macos64_2.0.0.202105311346/tools/bin/../lib/gcc/arm-none-eabi/9.3.1/../../../../arm-none-eabi/lib/thumb/v7e-m+fp/hard/libc_nano.a(lib_a-nano-vfprintf_i.o)
                0x00000000080039e8                _printf_common
 *fill*         0x0000000008003ac2        0x2 
 .text._printf_i
                0x0000000008003ac4      0x24c /Applications/STM32CubeIDE.app/Contents/Eclipse/plugins/com.st.stm32cube.ide.mcu.externaltools.gnu-tools-for-stm32.9-2020-q2-update.macos64_2.0.0.202105311346/tools/bin/../lib/gcc/arm-none-eabi/9.3.1/../../../../arm-none-eabi/lib/thumb/v7e-m+fp/hard/libc_nano.a(lib_a-nano-vfprintf_i.o)
                0x0000000008003ac4                _printf_i
 .text.printf   0x0000000008003d10       0x30 /Applications/STM32CubeIDE.app/Contents/Eclipse/plugins/com.st.stm32cube.ide.mcu.externaltools.gnu-tools-for-stm32.9-2020-q2-update.macos64_2.0.0.202105311346/tools/bin/../lib/gcc/arm-none-eabi/9.3.1/../../../../arm-none-eabi/lib/thumb/v7e-m+fp/hard/libc_nano.a(lib_a-printf.o)
                0x0000000008003d10                printf
                0x0000000008003d10                iprintf
 .text._puts_r  0x0000000008003d40       0xdc /Applications/STM32CubeIDE.app/Contents/Eclipse/plugins/com.st.stm32cube.ide.mcu.externaltools.gnu-tools-for-stm32.9-2020-q2-update.macos64_2.0.0.202105311346/tools/bin/../lib/gcc/arm-none-eabi/9.3.1/../../../../arm-none-eabi/lib/thumb/v7e-m+fp/hard/libc_nano.a(lib_a-puts.o)
                0x0000000008003d40                _puts_r
 .text.puts     0x0000000008003e1c       0x10 /Applications/STM32CubeIDE.app/Contents/Eclipse/plugins/com.st.stm32cube.ide.mcu.externaltools.gnu-tools-for-stm32.9-2020-q2-update.macos64_2.0.0.202105311346/tools/bin/../lib/gcc/arm-none-eabi/9.3.1/../../../../arm-none-eabi/lib/thumb/v7e-m+fp/hard/libc_nano.a(lib_a-puts.o)
                0x0000000008003e1c                puts
 .text._sbrk_r  0x0000000008003e2c       0x20 /Applications/STM32CubeIDE.app/Contents/Eclipse/plugins/com.st.stm32cube.ide.mcu.externaltools.gnu-tools-for-stm32.9-2020-q2-update.macos64_2.0.0.202105311346/tools/bin/../lib/gcc/arm-none-eabi/9.3.1/../../../../arm-none-eabi/lib/thumb/v7e-m+fp/hard/libc_nano.a(lib_a-sbrkr.o)
                0x0000000008003e2c                _sbrk_r
 .text.__sread  0x0000000008003e4c       0x22 /Applications/STM32CubeIDE.app/Contents/Eclipse/plugins/com.st.stm32cube.ide.mcu.externaltools.gnu-tools-for-stm32.9-2020-q2-update.macos64_2.0.0.202105311346/tools/bin/../lib/gcc/arm-none-eabi/9.3.1/../../../../arm-none-eabi/lib/thumb/v7e-m+fp/hard/libc_nano.a(lib_a-stdio.o)
                0x0000000008003e4c                __sread
 .text.__swrite
                0x0000000008003e6e       0x38 /Applications/STM32CubeIDE.app/Contents/Eclipse/plugins/com.st.stm32cube.ide.mcu.externaltools.gnu-tools-for-stm32.9-2020-q2-update.macos64_2.0.0.202105311346/tools/bin/../lib/gcc/arm-none-eabi/9.3.1/../../../../arm-none-eabi/lib/thumb/v7e-m+fp/hard/libc_nano.a(lib_a-stdio.o)
                0x0000000008003e6e                __swrite
 .text.__sseek  0x0000000008003ea6       0x24 /Applications/STM32CubeIDE.app/Contents/Eclipse/plugins/com.st.stm32cube.ide.mcu.externaltools.gnu-tools-for-stm32.9-2020-q2-update.macos64_2.0.0.202105311346/tools/bin/../lib/gcc/arm-none-eabi/9.3.1/../../../../arm-none-eabi/lib/thumb/v7e-m+fp/hard/libc_nano.a(lib_a-stdio.o)
                0x0000000008003ea6                __sseek
 .text.__sclose
                0x0000000008003eca        0x8 /Applications/STM32CubeIDE.app/Contents/Eclipse/plugins/com.st.stm32cube.ide.mcu.externaltools.gnu-tools-for-stm32.9-2020-q2-update.macos64_2.0.0.202105311346/tools/bin/../lib/gcc/arm-none-eabi/9.3.1/../../../../arm-none-eabi/lib/thumb/v7e-m+fp/hard/libc_nano.a(lib_a-stdio.o)
                0x0000000008003eca                __sclose
 *fill*         0x0000000008003ed2        0x2 
 .text.__swbuf_r
                0x0000000008003ed4       0xa4 /Applications/STM32CubeIDE.app/Contents/Eclipse/plugins/com.st.stm32cube.ide.mcu.externaltools.gnu-tools-for-stm32.9-2020-q2-update.macos64_2.0.0.202105311346/tools/bin/../lib/gcc/arm-none-eabi/9.3.1/../../../../arm-none-eabi/lib/thumb/v7e-m+fp/hard/libc_nano.a(lib_a-wbuf.o)
                0x0000000008003ed4                __swbuf_r
 .text._write_r
                0x0000000008003f78       0x24 /Applications/STM32CubeIDE.app/Contents/Eclipse/plugins/com.st.stm32cube.ide.mcu.externaltools.gnu-tools-for-stm32.9-2020-q2-update.macos64_2.0.0.202105311346/tools/bin/../lib/gcc/arm-none-eabi/9.3.1/../../../../arm-none-eabi/lib/thumb/v7e-m+fp/hard/libc_nano.a(lib_a-writer.o)
                0x0000000008003f78                _write_r
 .text.__swsetup_r
                0x0000000008003f9c       0xdc /Applications/STM32CubeIDE.app/Contents/Eclipse/plugins/com.st.stm32cube.ide.mcu.externaltools.gnu-tools-for-stm32.9-2020-q2-update.macos64_2.0.0.202105311346/tools/bin/../lib/gcc/arm-none-eabi/9.3.1/../../../../arm-none-eabi/lib/thumb/v7e-m+fp/hard/libc_nano.a(lib_a-wsetup.o)
                0x0000000008003f9c                __swsetup_r
 .text.__assert_func
                0x0000000008004078       0x3c /Applications/STM32CubeIDE.app/Contents/Eclipse/plugins/com.st.stm32cube.ide.mcu.externaltools.gnu-tools-for-stm32.9-2020-q2-update.macos64_2.0.0.202105311346/tools/bin/../lib/gcc/arm-none-eabi/9.3.1/../../../../arm-none-eabi/lib/thumb/v7e-m+fp/hard/libc_nano.a(lib_a-assert.o)
                0x0000000008004078                __assert_func
 .text._close_r
                0x00000000080040b4       0x20 /Applications/STM32CubeIDE.app/Contents/Eclipse/plugins/com.st.stm32cube.ide.mcu.externaltools.gnu-tools-for-stm32.9-2020-q2-update.macos64_2.0.0.202105311346/tools/bin/../lib/gcc/arm-none-eabi/9.3.1/../../../../arm-none-eabi/lib/thumb/v7e-m+fp/hard/libc_nano.a(lib_a-closer.o)
                0x00000000080040b4                _close_r
 .text.quorem   0x00000000080040d4      0x116 /Applications/STM32CubeIDE.app/Contents/Eclipse/plugins/com.st.stm32cube.ide.mcu.externaltools.gnu-tools-for-stm32.9-2020-q2-update.macos64_2.0.0.202105311346/tools/bin/../lib/gcc/arm-none-eabi/9.3.1/../../../../arm-none-eabi/lib/thumb/v7e-m+fp/hard/libc_nano.a(lib_a-dtoa.o)
 *fill*         0x00000000080041ea        0x6 
 .text._dtoa_r  0x00000000080041f0      0xbd8 /Applications/STM32CubeIDE.app/Contents/Eclipse/plugins/com.st.stm32cube.ide.mcu.externaltools.gnu-tools-for-stm32.9-2020-q2-update.macos64_2.0.0.202105311346/tools/bin/../lib/gcc/arm-none-eabi/9.3.1/../../../../arm-none-eabi/lib/thumb/v7e-m+fp/hard/libc_nano.a(lib_a-dtoa.o)
                0x00000000080041f0                _dtoa_r
 .text.__sflush_r
                0x0000000008004dc8      0x10c /Applications/STM32CubeIDE.app/Contents/Eclipse/plugins/com.st.stm32cube.ide.mcu.externaltools.gnu-tools-for-stm32.9-2020-q2-update.macos64_2.0.0.202105311346/tools/bin/../lib/gcc/arm-none-eabi/9.3.1/../../../../arm-none-eabi/lib/thumb/v7e-m+fp/hard/libc_nano.a(lib_a-fflush.o)
                0x0000000008004dc8                __sflush_r
 .text._fflush_r
                0x0000000008004ed4       0x78 /Applications/STM32CubeIDE.app/Contents/Eclipse/plugins/com.st.stm32cube.ide.mcu.externaltools.gnu-tools-for-stm32.9-2020-q2-update.macos64_2.0.0.202105311346/tools/bin/../lib/gcc/arm-none-eabi/9.3.1/../../../../arm-none-eabi/lib/thumb/v7e-m+fp/hard/libc_nano.a(lib_a-fflush.o)
                0x0000000008004ed4                _fflush_r
 .text.fprintf  0x0000000008004f4c       0x24 /Applications/STM32CubeIDE.app/Contents/Eclipse/plugins/com.st.stm32cube.ide.mcu.externaltools.gnu-tools-for-stm32.9-2020-q2-update.macos64_2.0.0.202105311346/tools/bin/../lib/gcc/arm-none-eabi/9.3.1/../../../../arm-none-eabi/lib/thumb/v7e-m+fp/hard/libc_nano.a(lib_a-fprintf.o)
                0x0000000008004f4c                fprintf
                0x0000000008004f4c                fiprintf
 .text._localeconv_r
                0x0000000008004f70        0x8 /Applications/STM32CubeIDE.app/Contents/Eclipse/plugins/com.st.stm32cube.ide.mcu.externaltools.gnu-tools-for-stm32.9-2020-q2-update.macos64_2.0.0.202105311346/tools/bin/../lib/gcc/arm-none-eabi/9.3.1/../../../../arm-none-eabi/lib/thumb/v7e-m+fp/hard/libc_nano.a(lib_a-localeconv.o)
                0x0000000008004f70                _localeconv_r
 .text._lseek_r
                0x0000000008004f78       0x24 /Applications/STM32CubeIDE.app/Contents/Eclipse/plugins/com.st.stm32cube.ide.mcu.externaltools.gnu-tools-for-stm32.9-2020-q2-update.macos64_2.0.0.202105311346/tools/bin/../lib/gcc/arm-none-eabi/9.3.1/../../../../arm-none-eabi/lib/thumb/v7e-m+fp/hard/libc_nano.a(lib_a-lseekr.o)
                0x0000000008004f78                _lseek_r
 .text.__swhatbuf_r
                0x0000000008004f9c       0x48 /Applications/STM32CubeIDE.app/Contents/Eclipse/plugins/com.st.stm32cube.ide.mcu.externaltools.gnu-tools-for-stm32.9-2020-q2-update.macos64_2.0.0.202105311346/tools/bin/../lib/gcc/arm-none-eabi/9.3.1/../../../../arm-none-eabi/lib/thumb/v7e-m+fp/hard/libc_nano.a(lib_a-makebuf.o)
                0x0000000008004f9c                __swhatbuf_r
 .text.__smakebuf_r
                0x0000000008004fe4       0x80 /Applications/STM32CubeIDE.app/Contents/Eclipse/plugins/com.st.stm32cube.ide.mcu.externaltools.gnu-tools-for-stm32.9-2020-q2-update.macos64_2.0.0.202105311346/tools/bin/../lib/gcc/arm-none-eabi/9.3.1/../../../../arm-none-eabi/lib/thumb/v7e-m+fp/hard/libc_nano.a(lib_a-makebuf.o)
                0x0000000008004fe4                __smakebuf_r
 .text.malloc   0x0000000008005064       0x10 /Applications/STM32CubeIDE.app/Contents/Eclipse/plugins/com.st.stm32cube.ide.mcu.externaltools.gnu-tools-for-stm32.9-2020-q2-update.macos64_2.0.0.202105311346/tools/bin/../lib/gcc/arm-none-eabi/9.3.1/../../../../arm-none-eabi/lib/thumb/v7e-m+fp/hard/libc_nano.a(lib_a-malloc.o)
                0x0000000008005064                malloc
 .text.__malloc_lock
                0x0000000008005074        0xc /Applications/STM32CubeIDE.app/Contents/Eclipse/plugins/com.st.stm32cube.ide.mcu.externaltools.gnu-tools-for-stm32.9-2020-q2-update.macos64_2.0.0.202105311346/tools/bin/../lib/gcc/arm-none-eabi/9.3.1/../../../../arm-none-eabi/lib/thumb/v7e-m+fp/hard/libc_nano.a(lib_a-mlock.o)
                0x0000000008005074                __malloc_lock
 .text.__malloc_unlock
                0x0000000008005080        0xc /Applications/STM32CubeIDE.app/Contents/Eclipse/plugins/com.st.stm32cube.ide.mcu.externaltools.gnu-tools-for-stm32.9-2020-q2-update.macos64_2.0.0.202105311346/tools/bin/../lib/gcc/arm-none-eabi/9.3.1/../../../../arm-none-eabi/lib/thumb/v7e-m+fp/hard/libc_nano.a(lib_a-mlock.o)
                0x0000000008005080                __malloc_unlock
 .text._Balloc  0x000000000800508c       0x80 /Applications/STM32CubeIDE.app/Contents/Eclipse/plugins/com.st.stm32cube.ide.mcu.externaltools.gnu-tools-for-stm32.9-2020-q2-update.macos64_2.0.0.202105311346/tools/bin/../lib/gcc/arm-none-eabi/9.3.1/../../../../arm-none-eabi/lib/thumb/v7e-m+fp/hard/libc_nano.a(lib_a-mprec.o)
                0x000000000800508c                _Balloc
 .text._Bfree   0x000000000800510c       0x44 /Applications/STM32CubeIDE.app/Contents/Eclipse/plugins/com.st.stm32cube.ide.mcu.externaltools.gnu-tools-for-stm32.9-2020-q2-update.macos64_2.0.0.202105311346/tools/bin/../lib/gcc/arm-none-eabi/9.3.1/../../../../arm-none-eabi/lib/thumb/v7e-m+fp/hard/libc_nano.a(lib_a-mprec.o)
                0x000000000800510c                _Bfree
 .text.__multadd
                0x0000000008005150       0x94 /Applications/STM32CubeIDE.app/Contents/Eclipse/plugins/com.st.stm32cube.ide.mcu.externaltools.gnu-tools-for-stm32.9-2020-q2-update.macos64_2.0.0.202105311346/tools/bin/../lib/gcc/arm-none-eabi/9.3.1/../../../../arm-none-eabi/lib/thumb/v7e-m+fp/hard/libc_nano.a(lib_a-mprec.o)
                0x0000000008005150                __multadd
 .text.__hi0bits
                0x00000000080051e4       0x40 /Applications/STM32CubeIDE.app/Contents/Eclipse/plugins/com.st.stm32cube.ide.mcu.externaltools.gnu-tools-for-stm32.9-2020-q2-update.macos64_2.0.0.202105311346/tools/bin/../lib/gcc/arm-none-eabi/9.3.1/../../../../arm-none-eabi/lib/thumb/v7e-m+fp/hard/libc_nano.a(lib_a-mprec.o)
                0x00000000080051e4                __hi0bits
 .text.__lo0bits
                0x0000000008005224       0x60 /Applications/STM32CubeIDE.app/Contents/Eclipse/plugins/com.st.stm32cube.ide.mcu.externaltools.gnu-tools-for-stm32.9-2020-q2-update.macos64_2.0.0.202105311346/tools/bin/../lib/gcc/arm-none-eabi/9.3.1/../../../../arm-none-eabi/lib/thumb/v7e-m+fp/hard/libc_nano.a(lib_a-mprec.o)
                0x0000000008005224                __lo0bits
 .text.__i2b    0x0000000008005284       0x2c /Applications/STM32CubeIDE.app/Contents/Eclipse/plugins/com.st.stm32cube.ide.mcu.externaltools.gnu-tools-for-stm32.9-2020-q2-update.macos64_2.0.0.202105311346/tools/bin/../lib/gcc/arm-none-eabi/9.3.1/../../../../arm-none-eabi/lib/thumb/v7e-m+fp/hard/libc_nano.a(lib_a-mprec.o)
                0x0000000008005284                __i2b
 .text.__multiply
                0x00000000080052b0      0x14c /Applications/STM32CubeIDE.app/Contents/Eclipse/plugins/com.st.stm32cube.ide.mcu.externaltools.gnu-tools-for-stm32.9-2020-q2-update.macos64_2.0.0.202105311346/tools/bin/../lib/gcc/arm-none-eabi/9.3.1/../../../../arm-none-eabi/lib/thumb/v7e-m+fp/hard/libc_nano.a(lib_a-mprec.o)
                0x00000000080052b0                __multiply
 .text.__pow5mult
                0x00000000080053fc       0xb4 /Applications/STM32CubeIDE.app/Contents/Eclipse/plugins/com.st.stm32cube.ide.mcu.externaltools.gnu-tools-for-stm32.9-2020-q2-update.macos64_2.0.0.202105311346/tools/bin/../lib/gcc/arm-none-eabi/9.3.1/../../../../arm-none-eabi/lib/thumb/v7e-m+fp/hard/libc_nano.a(lib_a-mprec.o)
                0x00000000080053fc                __pow5mult
 .text.__lshift
                0x00000000080054b0       0xd8 /Applications/STM32CubeIDE.app/Contents/Eclipse/plugins/com.st.stm32cube.ide.mcu.externaltools.gnu-tools-for-stm32.9-2020-q2-update.macos64_2.0.0.202105311346/tools/bin/../lib/gcc/arm-none-eabi/9.3.1/../../../../arm-none-eabi/lib/thumb/v7e-m+fp/hard/libc_nano.a(lib_a-mprec.o)
                0x00000000080054b0                __lshift
 .text.__mcmp   0x0000000008005588       0x38 /Applications/STM32CubeIDE.app/Contents/Eclipse/plugins/com.st.stm32cube.ide.mcu.externaltools.gnu-tools-for-stm32.9-2020-q2-update.macos64_2.0.0.202105311346/tools/bin/../lib/gcc/arm-none-eabi/9.3.1/../../../../arm-none-eabi/lib/thumb/v7e-m+fp/hard/libc_nano.a(lib_a-mprec.o)
                0x0000000008005588                __mcmp
 .text.__mdiff  0x00000000080055c0      0x110 /Applications/STM32CubeIDE.app/Contents/Eclipse/plugins/com.st.stm32cube.ide.mcu.externaltools.gnu-tools-for-stm32.9-2020-q2-update.macos64_2.0.0.202105311346/tools/bin/../lib/gcc/arm-none-eabi/9.3.1/../../../../arm-none-eabi/lib/thumb/v7e-m+fp/hard/libc_nano.a(lib_a-mprec.o)
                0x00000000080055c0                __mdiff
 .text.__d2b    0x00000000080056d0       0xb8 /Applications/STM32CubeIDE.app/Contents/Eclipse/plugins/com.st.stm32cube.ide.mcu.externaltools.gnu-tools-for-stm32.9-2020-q2-update.macos64_2.0.0.202105311346/tools/bin/../lib/gcc/arm-none-eabi/9.3.1/../../../../arm-none-eabi/lib/thumb/v7e-m+fp/hard/libc_nano.a(lib_a-mprec.o)
                0x00000000080056d0                __d2b
 .text._calloc_r
                0x0000000008005788       0x1e /Applications/STM32CubeIDE.app/Contents/Eclipse/plugins/com.st.stm32cube.ide.mcu.externaltools.gnu-tools-for-stm32.9-2020-q2-update.macos64_2.0.0.202105311346/tools/bin/../lib/gcc/arm-none-eabi/9.3.1/../../../../arm-none-eabi/lib/thumb/v7e-m+fp/hard/libc_nano.a(lib_a-nano-callocr.o)
                0x0000000008005788                _calloc_r
 *fill*         0x00000000080057a6        0x2 
 .text._free_r  0x00000000080057a8       0xa0 /Applications/STM32CubeIDE.app/Contents/Eclipse/plugins/com.st.stm32cube.ide.mcu.externaltools.gnu-tools-for-stm32.9-2020-q2-update.macos64_2.0.0.202105311346/tools/bin/../lib/gcc/arm-none-eabi/9.3.1/../../../../arm-none-eabi/lib/thumb/v7e-m+fp/hard/libc_nano.a(lib_a-nano-freer.o)
                0x00000000080057a8                _free_r
 .text.__sfputc_r
                0x0000000008005848       0x2e /Applications/STM32CubeIDE.app/Contents/Eclipse/plugins/com.st.stm32cube.ide.mcu.externaltools.gnu-tools-for-stm32.9-2020-q2-update.macos64_2.0.0.202105311346/tools/bin/../lib/gcc/arm-none-eabi/9.3.1/../../../../arm-none-eabi/lib/thumb/v7e-m+fp/hard/libc_nano.a(lib_a-nano-vfprintf.o)
 .text.__sfputs_r
                0x0000000008005876       0x24 /Applications/STM32CubeIDE.app/Contents/Eclipse/plugins/com.st.stm32cube.ide.mcu.externaltools.gnu-tools-for-stm32.9-2020-q2-update.macos64_2.0.0.202105311346/tools/bin/../lib/gcc/arm-none-eabi/9.3.1/../../../../arm-none-eabi/lib/thumb/v7e-m+fp/hard/libc_nano.a(lib_a-nano-vfprintf.o)
                0x0000000008005876                __sfputs_r
 *fill*         0x000000000800589a        0x2 
 .text._vfprintf_r
                0x000000000800589c      0x260 /Applications/STM32CubeIDE.app/Contents/Eclipse/plugins/com.st.stm32cube.ide.mcu.externaltools.gnu-tools-for-stm32.9-2020-q2-update.macos64_2.0.0.202105311346/tools/bin/../lib/gcc/arm-none-eabi/9.3.1/../../../../arm-none-eabi/lib/thumb/v7e-m+fp/hard/libc_nano.a(lib_a-nano-vfprintf.o)
                0x000000000800589c                _vfiprintf_r
                0x000000000800589c                _vfprintf_r
 .text._read_r  0x0000000008005afc       0x24 /Applications/STM32CubeIDE.app/Contents/Eclipse/plugins/com.st.stm32cube.ide.mcu.externaltools.gnu-tools-for-stm32.9-2020-q2-update.macos64_2.0.0.202105311346/tools/bin/../lib/gcc/arm-none-eabi/9.3.1/../../../../arm-none-eabi/lib/thumb/v7e-m+fp/hard/libc_nano.a(lib_a-readr.o)
                0x0000000008005afc                _read_r
 .text.abort    0x0000000008005b20        0xe /Applications/STM32CubeIDE.app/Contents/Eclipse/plugins/com.st.stm32cube.ide.mcu.externaltools.gnu-tools-for-stm32.9-2020-q2-update.macos64_2.0.0.202105311346/tools/bin/../lib/gcc/arm-none-eabi/9.3.1/../../../../arm-none-eabi/lib/thumb/v7e-m+fp/hard/libc_nano.a(lib_a-abort.o)
                0x0000000008005b20                abort
 *fill*         0x0000000008005b2e        0x2 
 .text._fstat_r
                0x0000000008005b30       0x24 /Applications/STM32CubeIDE.app/Contents/Eclipse/plugins/com.st.stm32cube.ide.mcu.externaltools.gnu-tools-for-stm32.9-2020-q2-update.macos64_2.0.0.202105311346/tools/bin/../lib/gcc/arm-none-eabi/9.3.1/../../../../arm-none-eabi/lib/thumb/v7e-m+fp/hard/libc_nano.a(lib_a-fstatr.o)
                0x0000000008005b30                _fstat_r
 .text._isatty_r
                0x0000000008005b54       0x20 /Applications/STM32CubeIDE.app/Contents/Eclipse/plugins/com.st.stm32cube.ide.mcu.externaltools.gnu-tools-for-stm32.9-2020-q2-update.macos64_2.0.0.202105311346/tools/bin/../lib/gcc/arm-none-eabi/9.3.1/../../../../arm-none-eabi/lib/thumb/v7e-m+fp/hard/libc_nano.a(lib_a-isattyr.o)
                0x0000000008005b54                _isatty_r
 .text.__ascii_mbtowc
                0x0000000008005b74       0x24 /Applications/STM32CubeIDE.app/Contents/Eclipse/plugins/com.st.stm32cube.ide.mcu.externaltools.gnu-tools-for-stm32.9-2020-q2-update.macos64_2.0.0.202105311346/tools/bin/../lib/gcc/arm-none-eabi/9.3.1/../../../../arm-none-eabi/lib/thumb/v7e-m+fp/hard/libc_nano.a(lib_a-mbtowc_r.o)
                0x0000000008005b74                __ascii_mbtowc
 .text._raise_r
                0x0000000008005b98       0x50 /Applications/STM32CubeIDE.app/Contents/Eclipse/plugins/com.st.stm32cube.ide.mcu.externaltools.gnu-tools-for-stm32.9-2020-q2-update.macos64_2.0.0.202105311346/tools/bin/../lib/gcc/arm-none-eabi/9.3.1/../../../../arm-none-eabi/lib/thumb/v7e-m+fp/hard/libc_nano.a(lib_a-signal.o)
                0x0000000008005b98                _raise_r
 .text.raise    0x0000000008005be8       0x10 /Applications/STM32CubeIDE.app/Contents/Eclipse/plugins/com.st.stm32cube.ide.mcu.externaltools.gnu-tools-for-stm32.9-2020-q2-update.macos64_2.0.0.202105311346/tools/bin/../lib/gcc/arm-none-eabi/9.3.1/../../../../arm-none-eabi/lib/thumb/v7e-m+fp/hard/libc_nano.a(lib_a-signal.o)
                0x0000000008005be8                raise
 .text._kill_r  0x0000000008005bf8       0x24 /Applications/STM32CubeIDE.app/Contents/Eclipse/plugins/com.st.stm32cube.ide.mcu.externaltools.gnu-tools-for-stm32.9-2020-q2-update.macos64_2.0.0.202105311346/tools/bin/../lib/gcc/arm-none-eabi/9.3.1/../../../../arm-none-eabi/lib/thumb/v7e-m+fp/hard/libc_nano.a(lib_a-signalr.o)
                0x0000000008005bf8                _kill_r
 .text._getpid_r
                0x0000000008005c1c        0x4 /Applications/STM32CubeIDE.app/Contents/Eclipse/plugins/com.st.stm32cube.ide.mcu.externaltools.gnu-tools-for-stm32.9-2020-q2-update.macos64_2.0.0.202105311346/tools/bin/../lib/gcc/arm-none-eabi/9.3.1/../../../../arm-none-eabi/lib/thumb/v7e-m+fp/hard/libc_nano.a(lib_a-signalr.o)
                0x0000000008005c1c                _getpid_r
 .text.__ascii_wctomb
                0x0000000008005c20       0x1a /Applications/STM32CubeIDE.app/Contents/Eclipse/plugins/com.st.stm32cube.ide.mcu.externaltools.gnu-tools-for-stm32.9-2020-q2-update.macos64_2.0.0.202105311346/tools/bin/../lib/gcc/arm-none-eabi/9.3.1/../../../../arm-none-eabi/lib/thumb/v7e-m+fp/hard/libc_nano.a(lib_a-wctomb_r.o)
                0x0000000008005c20                __ascii_wctomb
 *fill*         0x0000000008005c3a        0x2 
 .text._kill    0x0000000008005c3c       0x10 /Applications/STM32CubeIDE.app/Contents/Eclipse/plugins/com.st.stm32cube.ide.mcu.externaltools.gnu-tools-for-stm32.9-2020-q2-update.macos64_2.0.0.202105311346/tools/bin/../lib/gcc/arm-none-eabi/9.3.1/../../../../arm-none-eabi/lib/thumb/v7e-m+fp/hard/libnosys.a(kill.o)
                0x0000000008005c3c                _kill
 .text._exit    0x0000000008005c4c        0x2 /Applications/STM32CubeIDE.app/Contents/Eclipse/plugins/com.st.stm32cube.ide.mcu.externaltools.gnu-tools-for-stm32.9-2020-q2-update.macos64_2.0.0.202105311346/tools/bin/../lib/gcc/arm-none-eabi/9.3.1/../../../../arm-none-eabi/lib/thumb/v7e-m+fp/hard/libnosys.a(_exit.o)
                0x0000000008005c4c                _exit
 *(.glue_7)
 .glue_7        0x0000000008005c4e        0x0 linker stubs
 *(.glue_7t)
 .glue_7t       0x0000000008005c4e        0x0 linker stubs
 *(.eh_frame)
 *fill*         0x0000000008005c4e        0x2 
 .eh_frame      0x0000000008005c50        0x0 /Applications/STM32CubeIDE.app/Contents/Eclipse/plugins/com.st.stm32cube.ide.mcu.externaltools.gnu-tools-for-stm32.9-2020-q2-update.macos64_2.0.0.202105311346/tools/bin/../lib/gcc/arm-none-eabi/9.3.1/thumb/v7e-m+fp/hard/crtbegin.o
 *(.init)
 .init          0x0000000008005c50        0x4 /Applications/STM32CubeIDE.app/Contents/Eclipse/plugins/com.st.stm32cube.ide.mcu.externaltools.gnu-tools-for-stm32.9-2020-q2-update.macos64_2.0.0.202105311346/tools/bin/../lib/gcc/arm-none-eabi/9.3.1/thumb/v7e-m+fp/hard/crti.o
                0x0000000008005c50                _init
 .init          0x0000000008005c54        0x8 /Applications/STM32CubeIDE.app/Contents/Eclipse/plugins/com.st.stm32cube.ide.mcu.externaltools.gnu-tools-for-stm32.9-2020-q2-update.macos64_2.0.0.202105311346/tools/bin/../lib/gcc/arm-none-eabi/9.3.1/thumb/v7e-m+fp/hard/crtn.o
 *(.fini)
 .fini          0x0000000008005c5c        0x4 /Applications/STM32CubeIDE.app/Contents/Eclipse/plugins/com.st.stm32cube.ide.mcu.externaltools.gnu-tools-for-stm32.9-2020-q2-update.macos64_2.0.0.202105311346/tools/bin/../lib/gcc/arm-none-eabi/9.3.1/thumb/v7e-m+fp/hard/crti.o
                0x0000000008005c5c                _fini
 .fini          0x0000000008005c60        0x8 /Applications/STM32CubeIDE.app/Contents/Eclipse/plugins/com.st.stm32cube.ide.mcu.externaltools.gnu-tools-for-stm32.9-2020-q2-update.macos64_2.0.0.202105311346/tools/bin/../lib/gcc/arm-none-eabi/9.3.1/thumb/v7e-m+fp/hard/crtn.o
                0x0000000008005c68                . = ALIGN (0x4)
                0x0000000008005c68                _etext = .

.vfp11_veneer   0x0000000008005c68        0x0
 .vfp11_veneer  0x0000000008005c68        0x0 linker stubs

.v4_bx          0x0000000008005c68        0x0
 .v4_bx         0x0000000008005c68        0x0 linker stubs

.iplt           0x0000000008005c68        0x0
 .iplt          0x0000000008005c68        0x0 /Applications/STM32CubeIDE.app/Contents/Eclipse/plugins/com.st.stm32cube.ide.mcu.externaltools.gnu-tools-for-stm32.9-2020-q2-update.macos64_2.0.0.202105311346/tools/bin/../lib/gcc/arm-none-eabi/9.3.1/thumb/v7e-m+fp/hard/crtbegin.o

.rodata         0x0000000008005c68      0x480
                0x0000000008005c68                . = ALIGN (0x4)
 *(.rodata)
 .rodata        0x0000000008005c68       0x84 ./Core/Src/main.o
 *(.rodata*)
 .rodata._get_semihosting_exts.str1.1
                0x0000000008005cec       0x16 /Applications/STM32CubeIDE.app/Contents/Eclipse/plugins/com.st.stm32cube.ide.mcu.externaltools.gnu-tools-for-stm32.9-2020-q2-update.macos64_2.0.0.202105311346/tools/bin/../lib/gcc/arm-none-eabi/9.3.1/../../../../arm-none-eabi/lib/thumb/v7e-m+fp/hard/librdimon_nano.a(rdimon-syscalls.o)
 .rodata.initialise_monitor_handles.str1.1
                0x0000000008005d02        0x4 /Applications/STM32CubeIDE.app/Contents/Eclipse/plugins/com.st.stm32cube.ide.mcu.externaltools.gnu-tools-for-stm32.9-2020-q2-update.macos64_2.0.0.202105311346/tools/bin/../lib/gcc/arm-none-eabi/9.3.1/../../../../arm-none-eabi/lib/thumb/v7e-m+fp/hard/librdimon_nano.a(rdimon-syscalls.o)
 *fill*         0x0000000008005d06        0x2 
 .rodata.__sf_fake_stderr
                0x0000000008005d08       0x20 /Applications/STM32CubeIDE.app/Contents/Eclipse/plugins/com.st.stm32cube.ide.mcu.externaltools.gnu-tools-for-stm32.9-2020-q2-update.macos64_2.0.0.202105311346/tools/bin/../lib/gcc/arm-none-eabi/9.3.1/../../../../arm-none-eabi/lib/thumb/v7e-m+fp/hard/libc_nano.a(lib_a-findfp.o)
                0x0000000008005d08                __sf_fake_stderr
 .rodata.__sf_fake_stdin
                0x0000000008005d28       0x20 /Applications/STM32CubeIDE.app/Contents/Eclipse/plugins/com.st.stm32cube.ide.mcu.externaltools.gnu-tools-for-stm32.9-2020-q2-update.macos64_2.0.0.202105311346/tools/bin/../lib/gcc/arm-none-eabi/9.3.1/../../../../arm-none-eabi/lib/thumb/v7e-m+fp/hard/libc_nano.a(lib_a-findfp.o)
                0x0000000008005d28                __sf_fake_stdin
 .rodata.__sf_fake_stdout
                0x0000000008005d48       0x20 /Applications/STM32CubeIDE.app/Contents/Eclipse/plugins/com.st.stm32cube.ide.mcu.externaltools.gnu-tools-for-stm32.9-2020-q2-update.macos64_2.0.0.202105311346/tools/bin/../lib/gcc/arm-none-eabi/9.3.1/../../../../arm-none-eabi/lib/thumb/v7e-m+fp/hard/libc_nano.a(lib_a-findfp.o)
                0x0000000008005d48                __sf_fake_stdout
 .rodata._global_impure_ptr
                0x0000000008005d68        0x4 /Applications/STM32CubeIDE.app/Contents/Eclipse/plugins/com.st.stm32cube.ide.mcu.externaltools.gnu-tools-for-stm32.9-2020-q2-update.macos64_2.0.0.202105311346/tools/bin/../lib/gcc/arm-none-eabi/9.3.1/../../../../arm-none-eabi/lib/thumb/v7e-m+fp/hard/libc_nano.a(lib_a-impure.o)
                0x0000000008005d68                _global_impure_ptr
 .rodata._printf_float.str1.1
                0x0000000008005d6c       0x12 /Applications/STM32CubeIDE.app/Contents/Eclipse/plugins/com.st.stm32cube.ide.mcu.externaltools.gnu-tools-for-stm32.9-2020-q2-update.macos64_2.0.0.202105311346/tools/bin/../lib/gcc/arm-none-eabi/9.3.1/../../../../arm-none-eabi/lib/thumb/v7e-m+fp/hard/libc_nano.a(lib_a-nano-vfprintf_float.o)
 .rodata._printf_i.str1.1
                0x0000000008005d7e       0x22 /Applications/STM32CubeIDE.app/Contents/Eclipse/plugins/com.st.stm32cube.ide.mcu.externaltools.gnu-tools-for-stm32.9-2020-q2-update.macos64_2.0.0.202105311346/tools/bin/../lib/gcc/arm-none-eabi/9.3.1/../../../../arm-none-eabi/lib/thumb/v7e-m+fp/hard/libc_nano.a(lib_a-nano-vfprintf_i.o)
 .rodata.__assert_func.str1.1
                0x0000000008005da0       0x3c /Applications/STM32CubeIDE.app/Contents/Eclipse/plugins/com.st.stm32cube.ide.mcu.externaltools.gnu-tools-for-stm32.9-2020-q2-update.macos64_2.0.0.202105311346/tools/bin/../lib/gcc/arm-none-eabi/9.3.1/../../../../arm-none-eabi/lib/thumb/v7e-m+fp/hard/libc_nano.a(lib_a-assert.o)
                                         0x3d (size before relaxing)
 .rodata._dtoa_r.str1.1
                0x0000000008005ddc       0x94 /Applications/STM32CubeIDE.app/Contents/Eclipse/plugins/com.st.stm32cube.ide.mcu.externaltools.gnu-tools-for-stm32.9-2020-q2-update.macos64_2.0.0.202105311346/tools/bin/../lib/gcc/arm-none-eabi/9.3.1/../../../../arm-none-eabi/lib/thumb/v7e-m+fp/hard/libc_nano.a(lib_a-dtoa.o)
                                         0x96 (size before relaxing)
 .rodata._Balloc.str1.1
                0x0000000008005e70       0x60 /Applications/STM32CubeIDE.app/Contents/Eclipse/plugins/com.st.stm32cube.ide.mcu.externaltools.gnu-tools-for-stm32.9-2020-q2-update.macos64_2.0.0.202105311346/tools/bin/../lib/gcc/arm-none-eabi/9.3.1/../../../../arm-none-eabi/lib/thumb/v7e-m+fp/hard/libc_nano.a(lib_a-mprec.o)
                                         0x77 (size before relaxing)
 .rodata.__multadd.str1.1
                0x0000000008005ed0       0x11 /Applications/STM32CubeIDE.app/Contents/Eclipse/plugins/com.st.stm32cube.ide.mcu.externaltools.gnu-tools-for-stm32.9-2020-q2-update.macos64_2.0.0.202105311346/tools/bin/../lib/gcc/arm-none-eabi/9.3.1/../../../../arm-none-eabi/lib/thumb/v7e-m+fp/hard/libc_nano.a(lib_a-mprec.o)
 .rodata.__mprec_bigtens
                0x0000000008005ed0       0x28 /Applications/STM32CubeIDE.app/Contents/Eclipse/plugins/com.st.stm32cube.ide.mcu.externaltools.gnu-tools-for-stm32.9-2020-q2-update.macos64_2.0.0.202105311346/tools/bin/../lib/gcc/arm-none-eabi/9.3.1/../../../../arm-none-eabi/lib/thumb/v7e-m+fp/hard/libc_nano.a(lib_a-mprec.o)
                0x0000000008005ed0                __mprec_bigtens
 .rodata.__mprec_tens
                0x0000000008005ef8       0xc8 /Applications/STM32CubeIDE.app/Contents/Eclipse/plugins/com.st.stm32cube.ide.mcu.externaltools.gnu-tools-for-stm32.9-2020-q2-update.macos64_2.0.0.202105311346/tools/bin/../lib/gcc/arm-none-eabi/9.3.1/../../../../arm-none-eabi/lib/thumb/v7e-m+fp/hard/libc_nano.a(lib_a-mprec.o)
                0x0000000008005ef8                __mprec_tens
 .rodata.p05.7513
                0x0000000008005fc0        0xc /Applications/STM32CubeIDE.app/Contents/Eclipse/plugins/com.st.stm32cube.ide.mcu.externaltools.gnu-tools-for-stm32.9-2020-q2-update.macos64_2.0.0.202105311346/tools/bin/../lib/gcc/arm-none-eabi/9.3.1/../../../../arm-none-eabi/lib/thumb/v7e-m+fp/hard/libc_nano.a(lib_a-mprec.o)
 .rodata._vfprintf_r.str1.1
                0x0000000008005fcc       0x11 /Applications/STM32CubeIDE.app/Contents/Eclipse/plugins/com.st.stm32cube.ide.mcu.externaltools.gnu-tools-for-stm32.9-2020-q2-update.macos64_2.0.0.202105311346/tools/bin/../lib/gcc/arm-none-eabi/9.3.1/../../../../arm-none-eabi/lib/thumb/v7e-m+fp/hard/libc_nano.a(lib_a-nano-vfprintf.o)
 .rodata._setlocale_r.str1.1
                0x0000000008005fdd        0x8 /Applications/STM32CubeIDE.app/Contents/Eclipse/plugins/com.st.stm32cube.ide.mcu.externaltools.gnu-tools-for-stm32.9-2020-q2-update.macos64_2.0.0.202105311346/tools/bin/../lib/gcc/arm-none-eabi/9.3.1/../../../../arm-none-eabi/lib/thumb/v7e-m+fp/hard/libc_nano.a(lib_a-locale.o)
                                          0x9 (size before relaxing)
 .rodata.str1.1
                0x0000000008005fe5        0x2 /Applications/STM32CubeIDE.app/Contents/Eclipse/plugins/com.st.stm32cube.ide.mcu.externaltools.gnu-tools-for-stm32.9-2020-q2-update.macos64_2.0.0.202105311346/tools/bin/../lib/gcc/arm-none-eabi/9.3.1/../../../../arm-none-eabi/lib/thumb/v7e-m+fp/hard/libc_nano.a(lib_a-locale.o)
 .rodata._ctype_
                0x0000000008005fe7      0x101 /Applications/STM32CubeIDE.app/Contents/Eclipse/plugins/com.st.stm32cube.ide.mcu.externaltools.gnu-tools-for-stm32.9-2020-q2-update.macos64_2.0.0.202105311346/tools/bin/../lib/gcc/arm-none-eabi/9.3.1/../../../../arm-none-eabi/lib/thumb/v7e-m+fp/hard/libc_nano.a(lib_a-ctype_.o)
                0x0000000008005fe7                _ctype_
                0x00000000080060e8                . = ALIGN (0x4)

.rel.dyn        0x00000000080060e8        0x0
 .rel.iplt      0x00000000080060e8        0x0 /Applications/STM32CubeIDE.app/Contents/Eclipse/plugins/com.st.stm32cube.ide.mcu.externaltools.gnu-tools-for-stm32.9-2020-q2-update.macos64_2.0.0.202105311346/tools/bin/../lib/gcc/arm-none-eabi/9.3.1/thumb/v7e-m+fp/hard/crtbegin.o

.ARM.extab      0x00000000080060e8        0x0
                0x00000000080060e8                . = ALIGN (0x4)
 *(.ARM.extab* .gnu.linkonce.armextab.*)
                0x00000000080060e8                . = ALIGN (0x4)

.ARM            0x00000000080060e8        0x0
                0x00000000080060e8                . = ALIGN (0x4)
                0x00000000080060e8                __exidx_start = .
 *(.ARM.exidx*)
                0x00000000080060e8                __exidx_end = .
                0x00000000080060e8                . = ALIGN (0x4)

.preinit_array  0x00000000080060e8        0x0
                0x00000000080060e8                . = ALIGN (0x4)
                0x00000000080060e8                PROVIDE (__preinit_array_start = .)
 *(.preinit_array*)
                0x00000000080060e8                PROVIDE (__preinit_array_end = .)
                0x00000000080060e8                . = ALIGN (0x4)

.init_array     0x00000000080060e8        0x4
                0x00000000080060e8                . = ALIGN (0x4)
                0x00000000080060e8                PROVIDE (__init_array_start = .)
 *(SORT_BY_NAME(.init_array.*))
 *(.init_array*)
 .init_array    0x00000000080060e8        0x4 /Applications/STM32CubeIDE.app/Contents/Eclipse/plugins/com.st.stm32cube.ide.mcu.externaltools.gnu-tools-for-stm32.9-2020-q2-update.macos64_2.0.0.202105311346/tools/bin/../lib/gcc/arm-none-eabi/9.3.1/thumb/v7e-m+fp/hard/crtbegin.o
                0x00000000080060ec                PROVIDE (__init_array_end = .)
                0x00000000080060ec                . = ALIGN (0x4)

.fini_array     0x00000000080060ec        0x4
                0x00000000080060ec                . = ALIGN (0x4)
                [!provide]                        PROVIDE (__fini_array_start = .)
 *(SORT_BY_NAME(.fini_array.*))
 *(.fini_array*)
 .fini_array    0x00000000080060ec        0x4 /Applications/STM32CubeIDE.app/Contents/Eclipse/plugins/com.st.stm32cube.ide.mcu.externaltools.gnu-tools-for-stm32.9-2020-q2-update.macos64_2.0.0.202105311346/tools/bin/../lib/gcc/arm-none-eabi/9.3.1/thumb/v7e-m+fp/hard/crtbegin.o
                [!provide]                        PROVIDE (__fini_array_end = .)
                0x00000000080060f0                . = ALIGN (0x4)
                0x00000000080060f0                _sidata = LOADADDR (.data)

.data           0x0000000020000000      0x228 load address 0x00000000080060f0
                0x0000000020000000                . = ALIGN (0x4)
                0x0000000020000000                _sdata = .
 *(.data)
 *(.data*)
 .data.SystemCoreClock
                0x0000000020000000        0x4 ./Core/Src/system_stm32l4xx.o
                0x0000000020000000                SystemCoreClock
 .data.HTS221_T_Drv
                0x0000000020000004       0x10 ./Drivers/BSP/Components/hts221/hts221.o
                0x0000000020000004                HTS221_T_Drv
 .data.Lsm6dslAccDrv
                0x0000000020000014       0x34 ./Drivers/BSP/Components/lsm6dsl/lsm6dsl.o
                0x0000000020000014                Lsm6dslAccDrv
 .data.uwTickPrio
                0x0000000020000048        0x4 ./Drivers/STM32L4xx_HAL_Driver/Src/stm32l4xx_hal.o
                0x0000000020000048                uwTickPrio
 .data.uwTickFreq
                0x000000002000004c        0x4 ./Drivers/STM32L4xx_HAL_Driver/Src/stm32l4xx_hal.o
                0x000000002000004c                uwTickFreq
 .data.supports_ext_exit_extended
                0x0000000020000050        0x4 /Applications/STM32CubeIDE.app/Contents/Eclipse/plugins/com.st.stm32cube.ide.mcu.externaltools.gnu-tools-for-stm32.9-2020-q2-update.macos64_2.0.0.202105311346/tools/bin/../lib/gcc/arm-none-eabi/9.3.1/../../../../arm-none-eabi/lib/thumb/v7e-m+fp/hard/librdimon_nano.a(rdimon-syscalls.o)
 .data.supports_ext_stdout_stderr
                0x0000000020000054        0x4 /Applications/STM32CubeIDE.app/Contents/Eclipse/plugins/com.st.stm32cube.ide.mcu.externaltools.gnu-tools-for-stm32.9-2020-q2-update.macos64_2.0.0.202105311346/tools/bin/../lib/gcc/arm-none-eabi/9.3.1/../../../../arm-none-eabi/lib/thumb/v7e-m+fp/hard/librdimon_nano.a(rdimon-syscalls.o)
 .data._impure_ptr
                0x0000000020000058        0x4 /Applications/STM32CubeIDE.app/Contents/Eclipse/plugins/com.st.stm32cube.ide.mcu.externaltools.gnu-tools-for-stm32.9-2020-q2-update.macos64_2.0.0.202105311346/tools/bin/../lib/gcc/arm-none-eabi/9.3.1/../../../../arm-none-eabi/lib/thumb/v7e-m+fp/hard/libc_nano.a(lib_a-impure.o)
                0x0000000020000058                _impure_ptr
 .data.impure_data
                0x000000002000005c       0x60 /Applications/STM32CubeIDE.app/Contents/Eclipse/plugins/com.st.stm32cube.ide.mcu.externaltools.gnu-tools-for-stm32.9-2020-q2-update.macos64_2.0.0.202105311346/tools/bin/../lib/gcc/arm-none-eabi/9.3.1/../../../../arm-none-eabi/lib/thumb/v7e-m+fp/hard/libc_nano.a(lib_a-impure.o)
 .data.__global_locale
                0x00000000200000bc      0x16c /Applications/STM32CubeIDE.app/Contents/Eclipse/plugins/com.st.stm32cube.ide.mcu.externaltools.gnu-tools-for-stm32.9-2020-q2-update.macos64_2.0.0.202105311346/tools/bin/../lib/gcc/arm-none-eabi/9.3.1/../../../../arm-none-eabi/lib/thumb/v7e-m+fp/hard/libc_nano.a(lib_a-locale.o)
                0x00000000200000bc                __global_locale
                0x0000000020000228                . = ALIGN (0x4)
                0x0000000020000228                _edata = .

.igot.plt       0x0000000020000228        0x0 load address 0x0000000008006318
 .igot.plt      0x0000000020000228        0x0 /Applications/STM32CubeIDE.app/Contents/Eclipse/plugins/com.st.stm32cube.ide.mcu.externaltools.gnu-tools-for-stm32.9-2020-q2-update.macos64_2.0.0.202105311346/tools/bin/../lib/gcc/arm-none-eabi/9.3.1/thumb/v7e-m+fp/hard/crtbegin.o
                0x0000000020000228                . = ALIGN (0x4)

.bss            0x0000000020000228      0x1cc load address 0x0000000008006318
                0x0000000020000228                _sbss = .
                0x0000000020000228                __bss_start__ = _sbss
 *(.bss)
 .bss           0x0000000020000228       0x1c /Applications/STM32CubeIDE.app/Contents/Eclipse/plugins/com.st.stm32cube.ide.mcu.externaltools.gnu-tools-for-stm32.9-2020-q2-update.macos64_2.0.0.202105311346/tools/bin/../lib/gcc/arm-none-eabi/9.3.1/thumb/v7e-m+fp/hard/crtbegin.o
 *(.bss*)
 .bss.heap_end.6585
                0x0000000020000244        0x4 ./Core/Src/sysmem.o
 .bss.AccelerometerDrv
                0x0000000020000248        0x4 ./Drivers/BSP/B-L475E-IOT01/stm32l475e_iot01_accelero.o
 .bss.tsensor_drv
                0x000000002000024c        0x4 ./Drivers/BSP/B-L475E-IOT01/stm32l475e_iot01_tsensor.o
 .bss.monitor_stderr
                0x0000000020000250        0x4 /Applications/STM32CubeIDE.app/Contents/Eclipse/plugins/com.st.stm32cube.ide.mcu.externaltools.gnu-tools-for-stm32.9-2020-q2-update.macos64_2.0.0.202105311346/tools/bin/../lib/gcc/arm-none-eabi/9.3.1/../../../../arm-none-eabi/lib/thumb/v7e-m+fp/hard/librdimon_nano.a(rdimon-syscalls.o)
 .bss.monitor_stdin
                0x0000000020000254        0x4 /Applications/STM32CubeIDE.app/Contents/Eclipse/plugins/com.st.stm32cube.ide.mcu.externaltools.gnu-tools-for-stm32.9-2020-q2-update.macos64_2.0.0.202105311346/tools/bin/../lib/gcc/arm-none-eabi/9.3.1/../../../../arm-none-eabi/lib/thumb/v7e-m+fp/hard/librdimon_nano.a(rdimon-syscalls.o)
 .bss.monitor_stdout
                0x0000000020000258        0x4 /Applications/STM32CubeIDE.app/Contents/Eclipse/plugins/com.st.stm32cube.ide.mcu.externaltools.gnu-tools-for-stm32.9-2020-q2-update.macos64_2.0.0.202105311346/tools/bin/../lib/gcc/arm-none-eabi/9.3.1/../../../../arm-none-eabi/lib/thumb/v7e-m+fp/hard/librdimon_nano.a(rdimon-syscalls.o)
 .bss.openfiles
                0x000000002000025c       0xa0 /Applications/STM32CubeIDE.app/Contents/Eclipse/plugins/com.st.stm32cube.ide.mcu.externaltools.gnu-tools-for-stm32.9-2020-q2-update.macos64_2.0.0.202105311346/tools/bin/../lib/gcc/arm-none-eabi/9.3.1/../../../../arm-none-eabi/lib/thumb/v7e-m+fp/hard/librdimon_nano.a(rdimon-syscalls.o)
 .bss.__malloc_free_list
                0x00000000200002fc        0x4 /Applications/STM32CubeIDE.app/Contents/Eclipse/plugins/com.st.stm32cube.ide.mcu.externaltools.gnu-tools-for-stm32.9-2020-q2-update.macos64_2.0.0.202105311346/tools/bin/../lib/gcc/arm-none-eabi/9.3.1/../../../../arm-none-eabi/lib/thumb/v7e-m+fp/hard/libc_nano.a(lib_a-nano-mallocr.o)
                0x00000000200002fc                __malloc_free_list
 .bss.__malloc_sbrk_start
                0x0000000020000300        0x4 /Applications/STM32CubeIDE.app/Contents/Eclipse/plugins/com.st.stm32cube.ide.mcu.externaltools.gnu-tools-for-stm32.9-2020-q2-update.macos64_2.0.0.202105311346/tools/bin/../lib/gcc/arm-none-eabi/9.3.1/../../../../arm-none-eabi/lib/thumb/v7e-m+fp/hard/libc_nano.a(lib_a-nano-mallocr.o)
                0x0000000020000300                __malloc_sbrk_start
 *(COMMON)
 COMMON         0x0000000020000304       0x10 ./Core/Src/main.o
                0x0000000020000304                tickstart2
                0x0000000020000308                flag
                0x000000002000030c                count
                0x0000000020000310                tickstart
 COMMON         0x0000000020000314       0xcc ./Drivers/BSP/B-L475E-IOT01/stm32l475e_iot01.o
                0x0000000020000314                hDiscoUart
                0x0000000020000394                hI2cHandler
 COMMON         0x00000000200003e0        0x4 ./Drivers/STM32L4xx_HAL_Driver/Src/stm32l4xx_hal.o
                0x00000000200003e0                uwTick
 COMMON         0x00000000200003e4        0x9 /Applications/STM32CubeIDE.app/Contents/Eclipse/plugins/com.st.stm32cube.ide.mcu.externaltools.gnu-tools-for-stm32.9-2020-q2-update.macos64_2.0.0.202105311346/tools/bin/../lib/gcc/arm-none-eabi/9.3.1/../../../../arm-none-eabi/lib/thumb/v7e-m+fp/hard/libc_nano.a(lib_a-lock.o)
                0x00000000200003e4                __lock___atexit_recursive_mutex
                0x00000000200003e5                __lock___arc4random_mutex
                0x00000000200003e6                __lock___env_recursive_mutex
                0x00000000200003e7                __lock___sinit_recursive_mutex
                0x00000000200003e8                __lock___malloc_recursive_mutex
                0x00000000200003e9                __lock___at_quick_exit_mutex
                0x00000000200003ea                __lock___dd_hash_mutex
                0x00000000200003eb                __lock___tz_mutex
                0x00000000200003ec                __lock___sfp_recursive_mutex
 *fill*         0x00000000200003ed        0x3 
 COMMON         0x00000000200003f0        0x4 /Applications/STM32CubeIDE.app/Contents/Eclipse/plugins/com.st.stm32cube.ide.mcu.externaltools.gnu-tools-for-stm32.9-2020-q2-update.macos64_2.0.0.202105311346/tools/bin/../lib/gcc/arm-none-eabi/9.3.1/../../../../arm-none-eabi/lib/thumb/v7e-m+fp/hard/libc_nano.a(lib_a-reent.o)
                0x00000000200003f0                errno
                0x00000000200003f4                . = ALIGN (0x4)
                0x00000000200003f4                _ebss = .
                0x00000000200003f4                __bss_end__ = _ebss

._user_heap_stack
                0x00000000200003f4      0x604 load address 0x0000000008006318
                0x00000000200003f8                . = ALIGN (0x8)
 *fill*         0x00000000200003f4        0x4 
                0x00000000200003f8                PROVIDE (end = .)
                [!provide]                        PROVIDE (_end = .)
                0x00000000200005f8                . = (. + _Min_Heap_Size)
 *fill*         0x00000000200003f8      0x200 
                0x00000000200009f8                . = (. + _Min_Stack_Size)
 *fill*         0x00000000200005f8      0x400 
                0x00000000200009f8                . = ALIGN (0x8)

/DISCARD/
 libc.a(*)
 libm.a(*)
 libgcc.a(*)

.ARM.attributes
                0x0000000000000000       0x30
 *(.ARM.attributes)
 .ARM.attributes
                0x0000000000000000       0x1e /Applications/STM32CubeIDE.app/Contents/Eclipse/plugins/com.st.stm32cube.ide.mcu.externaltools.gnu-tools-for-stm32.9-2020-q2-update.macos64_2.0.0.202105311346/tools/bin/../lib/gcc/arm-none-eabi/9.3.1/thumb/v7e-m+fp/hard/crti.o
 .ARM.attributes
                0x000000000000001e       0x34 /Applications/STM32CubeIDE.app/Contents/Eclipse/plugins/com.st.stm32cube.ide.mcu.externaltools.gnu-tools-for-stm32.9-2020-q2-update.macos64_2.0.0.202105311346/tools/bin/../lib/gcc/arm-none-eabi/9.3.1/thumb/v7e-m+fp/hard/crtbegin.o
 .ARM.attributes
                0x0000000000000052       0x34 ./Core/Src/main.o
 .ARM.attributes
                0x0000000000000086       0x34 ./Core/Src/stm32l4xx_hal_msp.o
 .ARM.attributes
                0x00000000000000ba       0x34 ./Core/Src/stm32l4xx_it.o
 .ARM.attributes
                0x00000000000000ee       0x34 ./Core/Src/sysmem.o
 .ARM.attributes
                0x0000000000000122       0x34 ./Core/Src/system_stm32l4xx.o
 .ARM.attributes
                0x0000000000000156       0x21 ./Core/Startup/startup_stm32l475vgtx.o
 .ARM.attributes
                0x0000000000000177       0x34 ./Drivers/BSP/B-L475E-IOT01/stm32l475e_iot01.o
 .ARM.attributes
                0x00000000000001ab       0x34 ./Drivers/BSP/B-L475E-IOT01/stm32l475e_iot01_accelero.o
 .ARM.attributes
                0x00000000000001df       0x34 ./Drivers/BSP/B-L475E-IOT01/stm32l475e_iot01_tsensor.o
 .ARM.attributes
                0x0000000000000213       0x34 ./Drivers/BSP/Components/hts221/hts221.o
 .ARM.attributes